2025-07-09T14:05:57.0270320Z Current runner version: '2.325.0'
2025-07-09T14:05:57.0294810Z ##[group]Operating System
2025-07-09T14:05:57.0295390Z macOS
2025-07-09T14:05:57.0295780Z 15.5
2025-07-09T14:05:57.0296140Z 24F74
2025-07-09T14:05:57.0296540Z ##[endgroup]
2025-07-09T14:05:57.0296950Z ##[group]Runner Image
2025-07-09T14:05:57.0297390Z Image: macos-15-arm64
2025-07-09T14:05:57.0297810Z Version: 20250630.1914
2025-07-09T14:05:57.0298620Z Included Software: https://github.com/actions/runner-images/blob/macos-15-arm64/20250630.1914/images/macos/macos-15-arm64-Readme.md
2025-07-09T14:05:57.0300090Z Image Release: https://github.com/actions/runner-images/releases/tag/macos-15-arm64%2F20250630.1914
2025-07-09T14:05:57.0301140Z ##[endgroup]
2025-07-09T14:05:57.0301840Z ##[group]Runner Image Provisioner
2025-07-09T14:05:57.0302490Z 2.0.437.1+b8a73daf41ec39b19236c1d542c9f2348c5b7c2d
2025-07-09T14:05:57.0303010Z ##[endgroup]
2025-07-09T14:05:57.0304760Z ##[group]GITHUB_TOKEN Permissions
2025-07-09T14:05:57.0306120Z Actions: write
2025-07-09T14:05:57.0306550Z Attestations: write
2025-07-09T14:05:57.0306970Z Checks: write
2025-07-09T14:05:57.0307410Z Contents: write
2025-07-09T14:05:57.0307840Z Deployments: write
2025-07-09T14:05:57.0308290Z Discussions: write
2025-07-09T14:05:57.0309000Z Issues: write
2025-07-09T14:05:57.0309440Z Metadata: read
2025-07-09T14:05:57.0309840Z Models: read
2025-07-09T14:05:57.0310250Z Packages: write
2025-07-09T14:05:57.0310840Z Pages: write
2025-07-09T14:05:57.0311260Z PullRequests: write
2025-07-09T14:05:57.0311820Z RepositoryProjects: write
2025-07-09T14:05:57.0312550Z SecurityEvents: write
2025-07-09T14:05:57.0313020Z Statuses: write
2025-07-09T14:05:57.0313420Z ##[endgroup]
2025-07-09T14:05:57.0314960Z Secret source: Actions
2025-07-09T14:05:57.0315480Z Prepare workflow directory
2025-07-09T14:05:57.0579500Z Prepare all required actions
2025-07-09T14:05:57.0611660Z Getting action download info
2025-07-09T14:05:57.5122930Z ##[group]Download immutable action package 'actions/checkout@v4'
2025-07-09T14:05:57.5123760Z Version: 4.2.2
2025-07-09T14:05:57.5124560Z Digest: sha256:ccb2698953eaebd21c7bf6268a94f9c26518a7e38e27e0b83c1fe1ad049819b1
2025-07-09T14:05:57.5125530Z Source commit SHA: 11bd71901bbe5b1630ceea73d27597364c9af683
2025-07-09T14:05:57.5126180Z ##[endgroup]
2025-07-09T14:05:57.8548630Z ##[group]Download immutable action package 'actions/cache@v4'
2025-07-09T14:05:57.8549230Z Version: 4.2.3
2025-07-09T14:05:57.8549790Z Digest: sha256:c8a3bb963e1f1826d8fcc8d1354f0dd29d8ac1db1d4f6f20247055ae11b81ed9
2025-07-09T14:05:57.8550480Z Source commit SHA: 5a3ec84eff668545956fd18022155c47e93e2684
2025-07-09T14:05:57.8550990Z ##[endgroup]
2025-07-09T14:05:58.0301750Z Download action repository 'maxim-lobanov/setup-xcode@v1' (SHA:60606e260d2fc5762a71e64e74b2174e8ea3c8bd)
2025-07-09T14:05:59.0051850Z Download action repository 'subosito/flutter-action@v2' (SHA:e938fdf56512cc96ef2f93601a5a40bde3801046)
2025-07-09T14:05:59.8534720Z Download action repository 'actions/upload-release-asset@v1' (SHA:e8f9f06c4b078e705bd2ea027f0926603fc9b4d5)
2025-07-09T14:06:00.9389070Z Getting action download info
2025-07-09T14:06:01.1534460Z Complete job name: üèóÔ∏è Build and Deploy iOS App to App Store
2025-07-09T14:06:01.2185010Z ##[group]Run actions/checkout@v4
2025-07-09T14:06:01.2186030Z with:
2025-07-09T14:06:01.2186560Z   repository: lusu007/dienstplan
2025-07-09T14:06:01.2187410Z   token: ***
2025-07-09T14:06:01.2187910Z   ssh-strict: true
2025-07-09T14:06:01.2188450Z   ssh-user: git
2025-07-09T14:06:01.2189020Z   persist-credentials: true
2025-07-09T14:06:01.2189850Z   clean: true
2025-07-09T14:06:01.2190440Z   sparse-checkout-cone-mode: true
2025-07-09T14:06:01.2191120Z   fetch-depth: 1
2025-07-09T14:06:01.2191760Z   fetch-tags: false
2025-07-09T14:06:01.2192340Z   show-progress: true
2025-07-09T14:06:01.2193170Z   lfs: false
2025-07-09T14:06:01.2193830Z   submodules: false
2025-07-09T14:06:01.2195010Z   set-safe-directory: true
2025-07-09T14:06:01.2197910Z ##[endgroup]
2025-07-09T14:06:01.5307850Z Syncing repository: lusu007/dienstplan
2025-07-09T14:06:01.5310620Z ##[group]Getting Git version info
2025-07-09T14:06:01.5311570Z Working directory is '/Users/runner/work/dienstplan/dienstplan'
2025-07-09T14:06:01.5313000Z [command]/opt/homebrew/bin/git version
2025-07-09T14:06:01.5809410Z git version 2.50.0
2025-07-09T14:06:01.5834230Z ##[endgroup]
2025-07-09T14:06:01.5840630Z Copying '/Users/runner/.gitconfig' to '/Users/runner/work/_temp/ed6bf325-a071-4bcb-8bc7-3e5aced52e3b/.gitconfig'
2025-07-09T14:06:01.5849110Z Temporarily overriding HOME='/Users/runner/work/_temp/ed6bf325-a071-4bcb-8bc7-3e5aced52e3b' before making global git config changes
2025-07-09T14:06:01.5851110Z Adding repository directory to the temporary git global config as a safe directory
2025-07-09T14:06:01.5858500Z [command]/opt/homebrew/bin/git config --global --add safe.directory /Users/runner/work/dienstplan/dienstplan
2025-07-09T14:06:01.5965570Z Deleting the contents of '/Users/runner/work/dienstplan/dienstplan'
2025-07-09T14:06:01.5968200Z ##[group]Initializing the repository
2025-07-09T14:06:01.5971880Z [command]/opt/homebrew/bin/git init /Users/runner/work/dienstplan/dienstplan
2025-07-09T14:06:01.6191550Z hint: Using 'master' as the name for the initial branch. This default branch name
2025-07-09T14:06:01.6193300Z hint: is subject to change. To configure the initial branch name to use in all
2025-07-09T14:06:01.6194520Z hint: of your new repositories, which will suppress this warning, call:
2025-07-09T14:06:01.6195430Z hint:
2025-07-09T14:06:01.6196140Z hint: 	git config --global init.defaultBranch <name>
2025-07-09T14:06:01.6196950Z hint:
2025-07-09T14:06:01.6197720Z hint: Names commonly chosen instead of 'master' are 'main', 'trunk' and
2025-07-09T14:06:01.6198950Z hint: 'development'. The just-created branch can be renamed via this command:
2025-07-09T14:06:01.6199950Z hint:
2025-07-09T14:06:01.6200550Z hint: 	git branch -m <name>
2025-07-09T14:06:01.6201400Z hint:
2025-07-09T14:06:01.6202270Z hint: Disable this message with "git config set advice.defaultBranchName false"
2025-07-09T14:06:01.6203820Z Initialized empty Git repository in /Users/runner/work/dienstplan/dienstplan/.git/
2025-07-09T14:06:01.6206890Z [command]/opt/homebrew/bin/git remote add origin https://github.com/lusu007/dienstplan
2025-07-09T14:06:01.6270270Z ##[endgroup]
2025-07-09T14:06:01.6272030Z ##[group]Disabling automatic garbage collection
2025-07-09T14:06:01.6273250Z [command]/opt/homebrew/bin/git config --local gc.auto 0
2025-07-09T14:06:01.6331130Z ##[endgroup]
2025-07-09T14:06:01.6332100Z ##[group]Setting up auth
2025-07-09T14:06:01.6335190Z [command]/opt/homebrew/bin/git config --local --name-only --get-regexp core\.sshCommand
2025-07-09T14:06:01.6392330Z [command]/opt/homebrew/bin/git submodule foreach --recursive sh -c "git config --local --name-only --get-regexp 'core\.sshCommand' && git config --local --unset-all 'core.sshCommand' || :"
2025-07-09T14:06:01.7158660Z [command]/opt/homebrew/bin/git config --local --name-only --get-regexp http\.https\:\/\/github\.com\/\.extraheader
2025-07-09T14:06:01.7217100Z [command]/opt/homebrew/bin/git submodule foreach --recursive sh -c "git config --local --name-only --get-regexp 'http\.https\:\/\/github\.com\/\.extraheader' && git config --local --unset-all 'http.https://github.com/.extraheader' || :"
2025-07-09T14:06:01.8572390Z [command]/opt/homebrew/bin/git config --local http.https://github.com/.extraheader AUTHORIZATION: basic ***
2025-07-09T14:06:01.8575610Z ##[endgroup]
2025-07-09T14:06:01.8576720Z ##[group]Fetching the repository
2025-07-09T14:06:01.8579010Z [command]/opt/homebrew/bin/git -c protocol.version=2 fetch --no-tags --prune --no-recurse-submodules --depth=1 origin +570bb0b3a1f64faff474b7738e2fedb302cf340f:refs/tags/v0.4.27
2025-07-09T14:06:02.8300960Z From https://github.com/lusu007/dienstplan
2025-07-09T14:06:02.8301530Z  * [new ref]         570bb0b3a1f64faff474b7738e2fedb302cf340f -> v0.4.27
2025-07-09T14:06:02.8432880Z ##[endgroup]
2025-07-09T14:06:02.8433310Z ##[group]Determining the checkout info
2025-07-09T14:06:02.8433760Z ##[endgroup]
2025-07-09T14:06:02.8437180Z [command]/opt/homebrew/bin/git sparse-checkout disable
2025-07-09T14:06:02.8553950Z [command]/opt/homebrew/bin/git config --local --unset-all extensions.worktreeConfig
2025-07-09T14:06:02.8637020Z ##[group]Checking out the ref
2025-07-09T14:06:02.8640180Z [command]/opt/homebrew/bin/git checkout --progress --force refs/tags/v0.4.27
2025-07-09T14:06:02.9158360Z HEAD is now at 570bb0b chore(main): release 0.4.27 (#106)
2025-07-09T14:06:02.9198690Z ##[endgroup]
2025-07-09T14:06:02.9265640Z [command]/opt/homebrew/bin/git log -1 --format=%H
2025-07-09T14:06:02.9331210Z 570bb0b3a1f64faff474b7738e2fedb302cf340f
2025-07-09T14:06:03.0398100Z ##[group]Run actions/cache@v4
2025-07-09T14:06:03.0398400Z with:
2025-07-09T14:06:03.0398580Z   path: ~/.pub-cache
2025-07-09T14:06:03.0398910Z   key: macOS-pub-d12fc01c285807128451cc8b9b267769e8040badc2d70dbbc9340b91ed57c732
2025-07-09T14:06:03.0399260Z   restore-keys: macOS-pub-
2025-07-09T14:06:03.0399470Z   enableCrossOsArchive: false
2025-07-09T14:06:03.0399710Z   fail-on-cache-miss: false
2025-07-09T14:06:03.0399920Z   lookup-only: false
2025-07-09T14:06:03.0400100Z   save-always: false
2025-07-09T14:06:03.0400280Z ##[endgroup]
2025-07-09T14:06:03.3834700Z Cache not found for input keys: macOS-pub-d12fc01c285807128451cc8b9b267769e8040badc2d70dbbc9340b91ed57c732, macOS-pub-
2025-07-09T14:06:03.3886820Z ##[group]Run maxim-lobanov/setup-xcode@v1
2025-07-09T14:06:03.3887080Z with:
2025-07-09T14:06:03.3887250Z   xcode-version: 16.4
2025-07-09T14:06:03.3887440Z ##[endgroup]
2025-07-09T14:06:03.5230620Z Switching Xcode to version '16.4'...
2025-07-09T14:06:03.6150380Z Xcode is set to 16.4.0 (16F6)
2025-07-09T14:06:03.6319600Z ##[group]Run subosito/flutter-action@v2
2025-07-09T14:06:03.6319900Z with:
2025-07-09T14:06:03.6320070Z   flutter-version: 3.32.4
2025-07-09T14:06:03.6320280Z   channel: stable
2025-07-09T14:06:03.6320460Z   architecture: ARM64
2025-07-09T14:06:03.6320640Z   cache: false
2025-07-09T14:06:03.6320810Z   pub-cache-path: default
2025-07-09T14:06:03.6321040Z   dry-run: false
2025-07-09T14:06:03.6321290Z   git-source: https://github.com/flutter/flutter.git
2025-07-09T14:06:03.6321540Z env:
2025-07-09T14:06:03.6321750Z   MD_APPLE_SDK_ROOT: /Applications/Xcode_16.4.app
2025-07-09T14:06:03.6322000Z ##[endgroup]
2025-07-09T14:06:03.6391810Z ##[group]Run chmod +x "$GITHUB_ACTION_PATH/setup.sh"
2025-07-09T14:06:03.6392140Z [36;1mchmod +x "$GITHUB_ACTION_PATH/setup.sh"[0m
2025-07-09T14:06:03.6426580Z shell: /bin/bash --noprofile --norc -e -o pipefail {0}
2025-07-09T14:06:03.6426840Z env:
2025-07-09T14:06:03.6427030Z   MD_APPLE_SDK_ROOT: /Applications/Xcode_16.4.app
2025-07-09T14:06:03.6427300Z ##[endgroup]
2025-07-09T14:06:03.6757430Z ##[group]Run $GITHUB_ACTION_PATH/setup.sh -p \
2025-07-09T14:06:03.6757860Z [36;1m$GITHUB_ACTION_PATH/setup.sh -p \[0m
2025-07-09T14:06:03.6758100Z [36;1m  -n '3.32.4' \[0m
2025-07-09T14:06:03.6758290Z [36;1m  -f '' \[0m
2025-07-09T14:06:03.6758480Z [36;1m  -a 'ARM64' \[0m
2025-07-09T14:06:03.6758700Z [36;1m  -k '' \[0m
2025-07-09T14:06:03.6758920Z [36;1m  -c '' \[0m
2025-07-09T14:06:03.6759110Z [36;1m  -l '' \[0m
2025-07-09T14:06:03.6759280Z [36;1m  -d 'default' \[0m
2025-07-09T14:06:03.6759650Z [36;1m  -g 'https://github.com/flutter/flutter.git' \[0m
2025-07-09T14:06:03.6759920Z [36;1m  stable[0m
2025-07-09T14:06:03.6787380Z shell: /bin/bash --noprofile --norc -e -o pipefail {0}
2025-07-09T14:06:03.6787680Z env:
2025-07-09T14:06:03.6787880Z   MD_APPLE_SDK_ROOT: /Applications/Xcode_16.4.app
2025-07-09T14:06:03.6788110Z ##[endgroup]
2025-07-09T14:06:04.3771830Z ##[group]Run $GITHUB_ACTION_PATH/setup.sh \
2025-07-09T14:06:04.3772160Z [36;1m$GITHUB_ACTION_PATH/setup.sh \[0m
2025-07-09T14:06:04.3772410Z [36;1m  -n '3.32.4' \[0m
2025-07-09T14:06:04.3772600Z [36;1m  -a 'arm64' \[0m
2025-07-09T14:06:04.3772910Z [36;1m  -c '/Users/runner/hostedtoolcache/flutter/stable-3.32.4-arm64' \[0m
2025-07-09T14:06:04.3773230Z [36;1m  -d '/Users/runner/.pub-cache' \[0m
2025-07-09T14:06:04.3773450Z [36;1m  stable[0m
2025-07-09T14:06:04.3802600Z shell: /bin/bash --noprofile --norc -e -o pipefail {0}
2025-07-09T14:06:04.3802870Z env:
2025-07-09T14:06:04.3803090Z   MD_APPLE_SDK_ROOT: /Applications/Xcode_16.4.app
2025-07-09T14:06:04.3803340Z ##[endgroup]
2025-07-09T14:06:04.9800600Z   % Total    % Received % Xferd  Average Speed   Time    Time     Time  Current
2025-07-09T14:06:04.9802270Z                                  Dload  Upload   Total   Spent    Left  Speed
2025-07-09T14:06:04.9802720Z 
2025-07-09T14:06:05.0266490Z   0     0    0     0    0     0      0      0 --:--:-- --:--:-- --:--:--     0
2025-07-09T14:06:06.0078070Z   0     0    0     0    0     0      0      0 --:--:-- --:--:-- --:--:--     0
2025-07-09T14:06:07.0079210Z   2 1988M    2 41.7M    0     0  40.5M      0  0:00:48  0:00:01  0:00:47 40.5M
2025-07-09T14:06:08.0078230Z   6 1988M    6  121M    0     0  59.8M      0  0:00:33  0:00:02  0:00:31 59.8M
2025-07-09T14:06:09.0077960Z  10 1988M   10  203M    0     0  67.1M      0  0:00:29  0:00:03  0:00:26 67.1M
2025-07-09T14:06:10.0078610Z  14 1988M   14  284M    0     0  70.7M      0  0:00:28  0:00:04  0:00:24 70.7M
2025-07-09T14:06:11.0083590Z  18 1988M   18  363M    0     0  72.3M      0  0:00:27  0:00:05  0:00:22 73.0M
2025-07-09T14:06:12.0081420Z  22 1988M   22  439M    0     0  72.9M      0  0:00:27  0:00:06  0:00:21 79.6M
2025-07-09T14:06:13.0079290Z  26 1988M   26  519M    0     0  73.9M      0  0:00:26  0:00:07  0:00:19 79.7M
2025-07-09T14:06:14.0080080Z  30 1988M   30  602M    0     0  74.9M      0  0:00:26  0:00:08  0:00:18 79.7M
2025-07-09T14:06:15.0080760Z  34 1988M   34  685M    0     0  75.8M      0  0:00:26  0:00:09  0:00:17 80.0M
2025-07-09T14:06:16.0076340Z  38 1988M   38  768M    0     0  76.5M      0  0:00:25  0:00:10  0:00:15 80.8M
2025-07-09T14:06:17.0082420Z  42 1988M   42  847M    0     0  76.8M      0  0:00:25  0:00:11  0:00:14 81.5M
2025-07-09T14:06:18.0083540Z  46 1988M   46  922M    0     0  76.6M      0  0:00:25  0:00:12  0:00:13 80.5M
2025-07-09T14:06:19.0079740Z  49 1988M   49  993M    0     0  76.2M      0  0:00:26  0:00:13  0:00:13 78.2M
2025-07-09T14:06:20.0079320Z  54 1988M   54 1077M    0     0  76.7M      0  0:00:25  0:00:14  0:00:11 78.3M
2025-07-09T14:06:21.0078350Z  57 1988M   57 1150M    0     0  76.5M      0  0:00:25  0:00:15  0:00:10 76.5M
2025-07-09T14:06:22.0089760Z  61 1988M   61 1232M    0     0  76.8M      0  0:00:25  0:00:16  0:00:09 76.9M
2025-07-09T14:06:23.0077980Z  65 1988M   65 1311M    0     0  77.0M      0  0:00:25  0:00:17  0:00:08 77.8M
2025-07-09T14:06:24.0074430Z  69 1988M   69 1382M    0     0  76.7M      0  0:00:25  0:00:18  0:00:07 77.9M
2025-07-09T14:06:25.0079500Z  73 1988M   73 1455M    0     0  76.5M      0  0:00:25  0:00:19  0:00:06 75.7M
2025-07-09T14:06:26.0215990Z  75 1988M   75 1511M    0     0  75.4M      0  0:00:26  0:00:20  0:00:06 72.0M
2025-07-09T14:06:27.0075730Z  78 1988M   78 1569M    0     0  74.6M      0  0:00:26  0:00:21  0:00:05 67.4M
2025-07-09T14:06:28.0086120Z  82 1988M   82 1635M    0     0  74.2M      0  0:00:26  0:00:22  0:00:04 64.8M
2025-07-09T14:06:29.0082360Z  85 1988M   85 1710M    0     0  74.2M      0  0:00:26  0:00:23  0:00:03 65.4M
2025-07-09T14:06:30.0078010Z  89 1988M   89 1779M    0     0  74.0M      0  0:00:26  0:00:24  0:00:02 64.7M
2025-07-09T14:06:31.0075000Z  93 1988M   93 1849M    0     0  73.8M      0  0:00:26  0:00:25  0:00:01 67.6M
2025-07-09T14:06:32.0079130Z  95 1988M   95 1908M    0     0  73.3M      0  0:00:27  0:00:26  0:00:01 67.9M
2025-07-09T14:06:32.1292400Z  99 1988M   99 1980M    0     0  73.2M      0  0:00:27  0:00:27 --:--:-- 68.9M
2025-07-09T14:06:32.1293340Z 100 1988M  100 1988M    0     0  73.2M      0  0:00:27  0:00:27 --:--:-- 67.5M
2025-07-09T14:07:11.0799730Z ##[group]Run flutter pub get
2025-07-09T14:07:11.0800040Z [36;1mflutter pub get[0m
2025-07-09T14:07:11.1088930Z shell: /bin/bash -e {0}
2025-07-09T14:07:11.1089230Z env:
2025-07-09T14:07:11.1089510Z   MD_APPLE_SDK_ROOT: /Applications/Xcode_16.4.app
2025-07-09T14:07:11.1089980Z   FLUTTER_ROOT: /Users/runner/hostedtoolcache/flutter/stable-3.32.4-arm64
2025-07-09T14:07:11.1095130Z   PUB_CACHE: /Users/runner/.pub-cache
2025-07-09T14:07:11.1095490Z ##[endgroup]
2025-07-09T14:07:16.5703710Z Resolving dependencies...
2025-07-09T14:07:17.5080860Z Downloading packages...
2025-07-09T14:07:20.1924150Z + ansicolor 2.0.3
2025-07-09T14:07:20.1924480Z + archive 4.0.7
2025-07-09T14:07:20.1924830Z + args 2.7.0
2025-07-09T14:07:20.1925090Z + async 2.13.0
2025-07-09T14:07:20.1926110Z + characters 1.4.0 (1.4.1 available)
2025-07-09T14:07:20.1927490Z + checked_yaml 2.0.4
2025-07-09T14:07:20.1928030Z + cli_util 0.4.2
2025-07-09T14:07:20.1928950Z + clock 1.1.2
2025-07-09T14:07:20.1929870Z + collection 1.19.1
2025-07-09T14:07:20.1930390Z + crypto 3.0.6
2025-07-09T14:07:20.1930720Z + csslib 1.0.2
2025-07-09T14:07:20.1931090Z + dbus 0.7.11
2025-07-09T14:07:20.1934920Z + ffi 2.1.4
2025-07-09T14:07:20.1935380Z + file 7.0.1
2025-07-09T14:07:20.1935840Z + flutter 0.0.0 from sdk flutter
2025-07-09T14:07:20.1936390Z + flutter_launcher_icons 0.14.4
2025-07-09T14:07:20.1936860Z + flutter_lints 6.0.0
2025-07-09T14:07:20.1937860Z + flutter_local_notifications 19.3.0
2025-07-09T14:07:20.1940220Z + flutter_local_notifications_linux 6.0.0
2025-07-09T14:07:20.1940630Z + flutter_local_notifications_platform_interface 9.1.0
2025-07-09T14:07:20.1947660Z + flutter_local_notifications_windows 1.0.0
2025-07-09T14:07:20.1948260Z + flutter_localizations 0.0.0 from sdk flutter
2025-07-09T14:07:20.1950220Z + flutter_native_splash 2.4.6
2025-07-09T14:07:20.1957060Z + flutter_web_plugins 0.0.0 from sdk flutter
2025-07-09T14:07:20.1957710Z + html 0.15.6
2025-07-09T14:07:20.1958000Z + http 1.4.0
2025-07-09T14:07:20.1958330Z + http_parser 4.1.2
2025-07-09T14:07:20.1958690Z + image 4.5.4
2025-07-09T14:07:20.1958940Z + intl 0.20.2
2025-07-09T14:07:20.1959260Z + json_annotation 4.9.0
2025-07-09T14:07:20.1959460Z + lints 6.0.0
2025-07-09T14:07:20.1960090Z + logger 2.6.0
2025-07-09T14:07:20.1960330Z + material_color_utilities 0.11.1 (0.13.0 available)
2025-07-09T14:07:20.1961380Z + meta 1.16.0 (1.17.0 available)
2025-07-09T14:07:20.1962080Z + nested 1.0.0
2025-07-09T14:07:20.1962410Z + package_info_plus 8.3.0
2025-07-09T14:07:20.1962680Z + package_info_plus_platform_interface 3.2.0
2025-07-09T14:07:20.1963150Z + path 1.9.1
2025-07-09T14:07:20.1963400Z + path_provider 2.1.5
2025-07-09T14:07:20.1963620Z + path_provider_android 2.2.17
2025-07-09T14:07:20.1964110Z + path_provider_foundation 2.4.1
2025-07-09T14:07:20.1964440Z + path_provider_linux 2.2.1
2025-07-09T14:07:20.1965430Z + path_provider_platform_interface 2.1.2
2025-07-09T14:07:20.1966270Z + path_provider_windows 2.3.0
2025-07-09T14:07:20.1966960Z + petitparser 6.1.0 (7.0.0 available)
2025-07-09T14:07:20.1967490Z + platform 3.1.6
2025-07-09T14:07:20.1968030Z + plugin_platform_interface 2.1.8
2025-07-09T14:07:20.1968830Z + posix 6.0.3
2025-07-09T14:07:20.1969240Z + provider 6.1.5
2025-07-09T14:07:20.1969550Z + shared_preferences 2.5.3
2025-07-09T14:07:20.1969760Z + shared_preferences_android 2.4.10
2025-07-09T14:07:20.1970100Z + shared_preferences_foundation 2.5.4
2025-07-09T14:07:20.1970840Z + shared_preferences_linux 2.4.1
2025-07-09T14:07:20.1971140Z + shared_preferences_platform_interface 2.4.1
2025-07-09T14:07:20.1971390Z + shared_preferences_web 2.4.3
2025-07-09T14:07:20.1971680Z + shared_preferences_windows 2.4.1
2025-07-09T14:07:20.1972020Z + simple_gesture_detector 0.2.1
2025-07-09T14:07:20.1972340Z + sky_engine 0.0.0 from sdk flutter
2025-07-09T14:07:20.1972590Z + source_span 1.10.1
2025-07-09T14:07:20.1972890Z + sqflite 2.4.2
2025-07-09T14:07:20.1973180Z + sqflite_android 2.4.1
2025-07-09T14:07:20.1973500Z + sqflite_common 2.5.5
2025-07-09T14:07:20.1974030Z + sqflite_darwin 2.4.2
2025-07-09T14:07:20.1975530Z + sqflite_platform_interface 2.4.0
2025-07-09T14:07:20.1975960Z + string_scanner 1.4.1
2025-07-09T14:07:20.1976470Z + synchronized 3.4.0
2025-07-09T14:07:20.1976910Z + table_calendar 3.2.0
2025-07-09T14:07:20.1977090Z + term_glyph 1.2.2
2025-07-09T14:07:20.1977370Z + timezone 0.10.1
2025-07-09T14:07:20.1977670Z + typed_data 1.4.0
2025-07-09T14:07:20.1978320Z + universal_io 2.2.2
2025-07-09T14:07:20.1978720Z + url_launcher 6.3.1
2025-07-09T14:07:20.1979450Z + url_launcher_android 6.3.16
2025-07-09T14:07:20.1980030Z + url_launcher_ios 6.3.3
2025-07-09T14:07:20.1980430Z + url_launcher_linux 3.2.1
2025-07-09T14:07:20.1980830Z + url_launcher_macos 3.2.2
2025-07-09T14:07:20.1981090Z + url_launcher_platform_interface 2.3.2
2025-07-09T14:07:20.1981430Z + url_launcher_web 2.4.1
2025-07-09T14:07:20.1981720Z + url_launcher_windows 3.1.4
2025-07-09T14:07:20.1982380Z + vector_math 2.1.4 (2.2.0 available)
2025-07-09T14:07:20.1982820Z + web 1.1.1
2025-07-09T14:07:20.1983710Z + win32 5.14.0
2025-07-09T14:07:20.1984080Z + xdg_directories 1.1.0
2025-07-09T14:07:20.1984500Z + xml 6.5.0 (6.6.0 available)
2025-07-09T14:07:20.1984950Z + yaml 3.1.3
2025-07-09T14:07:20.1985380Z Changed 85 dependencies!
2025-07-09T14:07:20.1985820Z 6 packages have newer versions incompatible with dependency constraints.
2025-07-09T14:07:20.1986730Z Try `flutter pub outdated` for more information.
2025-07-09T14:07:26.0269290Z ##[group]Run VERSION=$(grep '^version:' pubspec.yaml | sed 's/version: //')
2025-07-09T14:07:26.0269890Z [36;1mVERSION=$(grep '^version:' pubspec.yaml | sed 's/version: //')[0m
2025-07-09T14:07:26.0270330Z [36;1mecho "version=$VERSION" >> $GITHUB_OUTPUT[0m
2025-07-09T14:07:26.0271120Z [36;1mecho "Version: $VERSION"[0m
2025-07-09T14:07:26.0478050Z shell: /bin/bash -e {0}
2025-07-09T14:07:26.0478400Z env:
2025-07-09T14:07:26.0493140Z   MD_APPLE_SDK_ROOT: /Applications/Xcode_16.4.app
2025-07-09T14:07:26.0493750Z   FLUTTER_ROOT: /Users/runner/hostedtoolcache/flutter/stable-3.32.4-arm64
2025-07-09T14:07:26.0494110Z   PUB_CACHE: /Users/runner/.pub-cache
2025-07-09T14:07:26.0494310Z ##[endgroup]
2025-07-09T14:07:26.1026370Z Version: 0.4.27
2025-07-09T14:07:26.1060310Z ##[group]Run echo "Setting up Codemagic CLI tools..."
2025-07-09T14:07:26.1060670Z [36;1mecho "Setting up Codemagic CLI tools..."[0m
2025-07-09T14:07:26.1060910Z [36;1m[0m
2025-07-09T14:07:26.1061360Z [36;1m# Install using pip with --break-system-packages flag to handle externally managed environment[0m
2025-07-09T14:07:26.1061890Z [36;1mpip3 install --break-system-packages codemagic-cli-tools[0m
2025-07-09T14:07:26.1062190Z [36;1m[0m
2025-07-09T14:07:26.1062430Z [36;1mecho "Verifying installation..."[0m
2025-07-09T14:07:26.1062680Z [36;1mapp-store-connect --version[0m
2025-07-09T14:07:26.1062920Z [36;1mkeychain --version[0m
2025-07-09T14:07:26.1063150Z [36;1mxcode-project --version[0m
2025-07-09T14:07:26.1063380Z [36;1m[0m
2025-07-09T14:07:26.1063630Z [36;1mecho "‚úÖ Codemagic CLI tools installation completed successfully"[0m
2025-07-09T14:07:26.1091980Z shell: /bin/bash -e {0}
2025-07-09T14:07:26.1092160Z env:
2025-07-09T14:07:26.1092400Z   MD_APPLE_SDK_ROOT: /Applications/Xcode_16.4.app
2025-07-09T14:07:26.1092750Z   FLUTTER_ROOT: /Users/runner/hostedtoolcache/flutter/stable-3.32.4-arm64
2025-07-09T14:07:26.1093260Z   PUB_CACHE: /Users/runner/.pub-cache
2025-07-09T14:07:26.1093500Z ##[endgroup]
2025-07-09T14:07:26.1449180Z Setting up Codemagic CLI tools...
2025-07-09T14:07:27.7976720Z Collecting codemagic-cli-tools
2025-07-09T14:07:27.9403500Z   Downloading codemagic_cli_tools-0.60.0-py3-none-any.whl.metadata (10 kB)
2025-07-09T14:07:27.9621190Z Requirement already satisfied: cryptography>=38.0.0 in /opt/homebrew/lib/python3.13/site-packages (from codemagic-cli-tools) (45.0.4)
2025-07-09T14:07:28.0356790Z Collecting google-api-python-client>=2.84.0 (from codemagic-cli-tools)
2025-07-09T14:07:28.0559910Z   Downloading google_api_python_client-2.176.0-py3-none-any.whl.metadata (7.0 kB)
2025-07-09T14:07:28.1008210Z Collecting httplib2>=0.19.0 (from codemagic-cli-tools)
2025-07-09T14:07:28.1197930Z   Downloading httplib2-0.22.0-py3-none-any.whl.metadata (2.6 kB)
2025-07-09T14:07:28.1418660Z Collecting oauth2client>=4.1.3 (from codemagic-cli-tools)
2025-07-09T14:07:28.1575530Z   Downloading oauth2client-4.1.3-py2.py3-none-any.whl.metadata (1.2 kB)
2025-07-09T14:07:28.1836410Z Collecting packaging>=22.0 (from codemagic-cli-tools)
2025-07-09T14:07:28.1980790Z   Downloading packaging-25.0-py3-none-any.whl.metadata (3.3 kB)
2025-07-09T14:07:28.2718210Z Collecting psutil>=5.8.0 (from codemagic-cli-tools)
2025-07-09T14:07:28.2921890Z   Downloading psutil-7.0.0-cp36-abi3-macosx_11_0_arm64.whl.metadata (22 kB)
2025-07-09T14:07:28.3205170Z Collecting pyjwt<3.0.0,>=2.4.0 (from codemagic-cli-tools)
2025-07-09T14:07:28.3414520Z   Downloading PyJWT-2.10.1-py3-none-any.whl.metadata (4.0 kB)
2025-07-09T14:07:28.3618540Z Collecting python-dateutil>=2.9.0 (from codemagic-cli-tools)
2025-07-09T14:07:28.3781090Z   Downloading python_dateutil-2.9.0.post0-py2.py3-none-any.whl.metadata (8.4 kB)
2025-07-09T14:07:28.4090500Z Collecting requests>=2.25 (from codemagic-cli-tools)
2025-07-09T14:07:28.4247310Z   Downloading requests-2.32.4-py3-none-any.whl.metadata (4.9 kB)
2025-07-09T14:07:28.4410640Z Requirement already satisfied: cffi>=1.14 in /opt/homebrew/lib/python3.13/site-packages (from cryptography>=38.0.0->codemagic-cli-tools) (1.17.1)
2025-07-09T14:07:28.4451430Z Requirement already satisfied: pycparser in /opt/homebrew/lib/python3.13/site-packages (from cffi>=1.14->cryptography>=38.0.0->codemagic-cli-tools) (2.22)
2025-07-09T14:07:28.4974080Z Collecting google-auth!=2.24.0,!=2.25.0,<3.0.0,>=1.32.0 (from google-api-python-client>=2.84.0->codemagic-cli-tools)
2025-07-09T14:07:28.5129150Z   Downloading google_auth-2.40.3-py2.py3-none-any.whl.metadata (6.2 kB)
2025-07-09T14:07:28.5389950Z Collecting google-auth-httplib2<1.0.0,>=0.2.0 (from google-api-python-client>=2.84.0->codemagic-cli-tools)
2025-07-09T14:07:28.5529300Z   Downloading google_auth_httplib2-0.2.0-py2.py3-none-any.whl.metadata (2.2 kB)
2025-07-09T14:07:28.6050930Z Collecting google-api-core!=2.0.*,!=2.1.*,!=2.2.*,!=2.3.0,<3.0.0,>=1.31.5 (from google-api-python-client>=2.84.0->codemagic-cli-tools)
2025-07-09T14:07:28.6201050Z   Downloading google_api_core-2.25.1-py3-none-any.whl.metadata (3.0 kB)
2025-07-09T14:07:28.6449690Z Collecting uritemplate<5,>=3.0.1 (from google-api-python-client>=2.84.0->codemagic-cli-tools)
2025-07-09T14:07:28.6652320Z   Downloading uritemplate-4.2.0-py3-none-any.whl.metadata (2.6 kB)
2025-07-09T14:07:28.7066190Z Collecting googleapis-common-protos<2.0.0,>=1.56.2 (from google-api-core!=2.0.*,!=2.1.*,!=2.2.*,!=2.3.0,<3.0.0,>=1.31.5->google-api-python-client>=2.84.0->codemagic-cli-tools)
2025-07-09T14:07:28.7211830Z   Downloading googleapis_common_protos-1.70.0-py3-none-any.whl.metadata (9.3 kB)
2025-07-09T14:07:28.9488360Z Collecting protobuf!=3.20.0,!=3.20.1,!=4.21.0,!=4.21.1,!=4.21.2,!=4.21.3,!=4.21.4,!=4.21.5,<7.0.0,>=3.19.5 (from google-api-core!=2.0.*,!=2.1.*,!=2.2.*,!=2.3.0,<3.0.0,>=1.31.5->google-api-python-client>=2.84.0->codemagic-cli-tools)
2025-07-09T14:07:28.9651680Z   Downloading protobuf-6.31.1-cp39-abi3-macosx_10_9_universal2.whl.metadata (593 bytes)
2025-07-09T14:07:29.0046060Z Collecting proto-plus<2.0.0,>=1.22.3 (from google-api-core!=2.0.*,!=2.1.*,!=2.2.*,!=2.3.0,<3.0.0,>=1.31.5->google-api-python-client>=2.84.0->codemagic-cli-tools)
2025-07-09T14:07:29.0225820Z   Downloading proto_plus-1.26.1-py3-none-any.whl.metadata (2.2 kB)
2025-07-09T14:07:29.1125730Z Collecting cachetools<6.0,>=2.0.0 (from google-auth!=2.24.0,!=2.25.0,<3.0.0,>=1.32.0->google-api-python-client>=2.84.0->codemagic-cli-tools)
2025-07-09T14:07:29.1355550Z   Downloading cachetools-5.5.2-py3-none-any.whl.metadata (5.4 kB)
2025-07-09T14:07:29.1687980Z Collecting pyasn1-modules>=0.2.1 (from google-auth!=2.24.0,!=2.25.0,<3.0.0,>=1.32.0->google-api-python-client>=2.84.0->codemagic-cli-tools)
2025-07-09T14:07:29.1838500Z   Downloading pyasn1_modules-0.4.2-py3-none-any.whl.metadata (3.5 kB)
2025-07-09T14:07:29.2196250Z Collecting rsa<5,>=3.1.4 (from google-auth!=2.24.0,!=2.25.0,<3.0.0,>=1.32.0->google-api-python-client>=2.84.0->codemagic-cli-tools)
2025-07-09T14:07:29.2391780Z   Downloading rsa-4.9.1-py3-none-any.whl.metadata (5.6 kB)
2025-07-09T14:07:29.3432230Z Collecting pyparsing!=3.0.0,!=3.0.1,!=3.0.2,!=3.0.3,<4,>=2.4.2 (from httplib2>=0.19.0->codemagic-cli-tools)
2025-07-09T14:07:29.3590490Z   Downloading pyparsing-3.2.3-py3-none-any.whl.metadata (5.0 kB)
2025-07-09T14:07:29.5094260Z Collecting charset_normalizer<4,>=2 (from requests>=2.25->codemagic-cli-tools)
2025-07-09T14:07:29.5249190Z   Downloading charset_normalizer-3.4.2-cp313-cp313-macosx_10_13_universal2.whl.metadata (35 kB)
2025-07-09T14:07:29.5883800Z Collecting idna<4,>=2.5 (from requests>=2.25->codemagic-cli-tools)
2025-07-09T14:07:29.6102580Z   Downloading idna-3.10-py3-none-any.whl.metadata (10 kB)
2025-07-09T14:07:29.6798750Z Collecting urllib3<3,>=1.21.1 (from requests>=2.25->codemagic-cli-tools)
2025-07-09T14:07:29.7009290Z   Downloading urllib3-2.5.0-py3-none-any.whl.metadata (6.5 kB)
2025-07-09T14:07:29.7260400Z Requirement already satisfied: certifi>=2017.4.17 in /opt/homebrew/lib/python3.13/site-packages (from requests>=2.25->codemagic-cli-tools) (2025.6.15)
2025-07-09T14:07:29.7621430Z Collecting pyasn1>=0.1.3 (from rsa<5,>=3.1.4->google-auth!=2.24.0,!=2.25.0,<3.0.0,>=1.32.0->google-api-python-client>=2.84.0->codemagic-cli-tools)
2025-07-09T14:07:29.7803280Z   Downloading pyasn1-0.6.1-py3-none-any.whl.metadata (8.4 kB)
2025-07-09T14:07:29.8388190Z Collecting six>=1.6.1 (from oauth2client>=4.1.3->codemagic-cli-tools)
2025-07-09T14:07:29.8543170Z   Downloading six-1.17.0-py2.py3-none-any.whl.metadata (1.7 kB)
2025-07-09T14:07:29.8911150Z Downloading codemagic_cli_tools-0.60.0-py3-none-any.whl (31.0 MB)
2025-07-09T14:07:30.2132730Z    ‚îÅ‚îÅ‚îÅ‚îÅ‚îÅ‚îÅ‚îÅ‚îÅ‚îÅ‚îÅ‚îÅ‚îÅ‚îÅ‚îÅ‚îÅ‚îÅ‚îÅ‚îÅ‚îÅ‚îÅ‚îÅ‚îÅ‚îÅ‚îÅ‚îÅ‚îÅ‚îÅ‚îÅ‚îÅ‚îÅ‚îÅ‚îÅ‚îÅ‚îÅ‚îÅ‚îÅ‚îÅ‚îÅ‚îÅ‚îÅ 31.0/31.0 MB 103.8 MB/s eta 0:00:00
2025-07-09T14:07:30.2341500Z Downloading PyJWT-2.10.1-py3-none-any.whl (22 kB)
2025-07-09T14:07:30.2547880Z Downloading google_api_python_client-2.176.0-py3-none-any.whl (13.7 MB)
2025-07-09T14:07:30.3731260Z    ‚îÅ‚îÅ‚îÅ‚îÅ‚îÅ‚îÅ‚îÅ‚îÅ‚îÅ‚îÅ‚îÅ‚îÅ‚îÅ‚îÅ‚îÅ‚îÅ‚îÅ‚îÅ‚îÅ‚îÅ‚îÅ‚îÅ‚îÅ‚îÅ‚îÅ‚îÅ‚îÅ‚îÅ‚îÅ‚îÅ‚îÅ‚îÅ‚îÅ‚îÅ‚îÅ‚îÅ‚îÅ‚îÅ‚îÅ‚îÅ 13.7/13.7 MB 122.8 MB/s eta 0:00:00
2025-07-09T14:07:30.3965580Z Downloading google_api_core-2.25.1-py3-none-any.whl (160 kB)
2025-07-09T14:07:30.4176500Z Downloading google_auth-2.40.3-py2.py3-none-any.whl (216 kB)
2025-07-09T14:07:30.4361600Z Downloading cachetools-5.5.2-py3-none-any.whl (10 kB)
2025-07-09T14:07:30.4615820Z Downloading google_auth_httplib2-0.2.0-py2.py3-none-any.whl (9.3 kB)
2025-07-09T14:07:30.4818660Z Downloading googleapis_common_protos-1.70.0-py3-none-any.whl (294 kB)
2025-07-09T14:07:30.5032830Z Downloading httplib2-0.22.0-py3-none-any.whl (96 kB)
2025-07-09T14:07:30.5225480Z Downloading proto_plus-1.26.1-py3-none-any.whl (50 kB)
2025-07-09T14:07:30.5463010Z Downloading protobuf-6.31.1-cp39-abi3-macosx_10_9_universal2.whl (425 kB)
2025-07-09T14:07:30.5750930Z Downloading pyparsing-3.2.3-py3-none-any.whl (111 kB)
2025-07-09T14:07:30.5939440Z Downloading requests-2.32.4-py3-none-any.whl (64 kB)
2025-07-09T14:07:30.6117270Z Downloading charset_normalizer-3.4.2-cp313-cp313-macosx_10_13_universal2.whl (199 kB)
2025-07-09T14:07:30.6311120Z Downloading idna-3.10-py3-none-any.whl (70 kB)
2025-07-09T14:07:30.6510260Z Downloading rsa-4.9.1-py3-none-any.whl (34 kB)
2025-07-09T14:07:30.6719630Z Downloading uritemplate-4.2.0-py3-none-any.whl (11 kB)
2025-07-09T14:07:30.6914190Z Downloading urllib3-2.5.0-py3-none-any.whl (129 kB)
2025-07-09T14:07:30.7219430Z Downloading oauth2client-4.1.3-py2.py3-none-any.whl (98 kB)
2025-07-09T14:07:30.7427620Z Downloading packaging-25.0-py3-none-any.whl (66 kB)
2025-07-09T14:07:30.7628360Z Downloading psutil-7.0.0-cp36-abi3-macosx_11_0_arm64.whl (239 kB)
2025-07-09T14:07:30.7829830Z Downloading pyasn1-0.6.1-py3-none-any.whl (83 kB)
2025-07-09T14:07:30.8022130Z Downloading pyasn1_modules-0.4.2-py3-none-any.whl (181 kB)
2025-07-09T14:07:30.8223430Z Downloading python_dateutil-2.9.0.post0-py2.py3-none-any.whl (229 kB)
2025-07-09T14:07:30.8408350Z Downloading six-1.17.0-py2.py3-none-any.whl (11 kB)
2025-07-09T14:07:30.9450450Z Installing collected packages: urllib3, uritemplate, six, pyparsing, pyjwt, pyasn1, psutil, protobuf, packaging, idna, charset_normalizer, cachetools, rsa, requests, python-dateutil, pyasn1-modules, proto-plus, httplib2, googleapis-common-protos, oauth2client, google-auth, google-auth-httplib2, google-api-core, google-api-python-client, codemagic-cli-tools
2025-07-09T14:07:32.8032450Z 
2025-07-09T14:07:32.8053520Z Successfully installed cachetools-5.5.2 charset_normalizer-3.4.2 codemagic-cli-tools-0.60.0 google-api-core-2.25.1 google-api-python-client-2.176.0 google-auth-2.40.3 google-auth-httplib2-0.2.0 googleapis-common-protos-1.70.0 httplib2-0.22.0 idna-3.10 oauth2client-4.1.3 packaging-25.0 proto-plus-1.26.1 protobuf-6.31.1 psutil-7.0.0 pyasn1-0.6.1 pyasn1-modules-0.4.2 pyjwt-2.10.1 pyparsing-3.2.3 python-dateutil-2.9.0.post0 requests-2.32.4 rsa-4.9.1 six-1.17.0 uritemplate-4.2.0 urllib3-2.5.0
2025-07-09T14:07:32.9383710Z Verifying installation...
2025-07-09T14:07:33.6395300Z AppStoreConnect installed at /opt/homebrew/bin/app-store-connect
2025-07-09T14:07:33.6409730Z app-store-connect 0.60.0
2025-07-09T14:07:34.2117950Z Keychain installed at /opt/homebrew/bin/keychain
2025-07-09T14:07:34.2225460Z keychain 0.60.0
2025-07-09T14:07:34.9127630Z XcodeProject installed at /opt/homebrew/bin/xcode-project
2025-07-09T14:07:34.9128190Z xcode-project 0.60.0
2025-07-09T14:07:34.9624540Z ‚úÖ Codemagic CLI tools installation completed successfully
2025-07-09T14:07:34.9692740Z ##[group]Run echo "Setting up iOS code signing..."
2025-07-09T14:07:34.9694730Z [36;1mecho "Setting up iOS code signing..."[0m
2025-07-09T14:07:34.9694990Z [36;1m[0m
2025-07-09T14:07:34.9695190Z [36;1m# Create directories for certificates and profiles[0m
2025-07-09T14:07:34.9695680Z [36;1mmkdir -p ~/Library/MobileDevice/Provisioning\ Profiles[0m
2025-07-09T14:07:34.9695990Z [36;1mmkdir -p ~/Library/Developer/Xcode/DerivedData[0m
2025-07-09T14:07:34.9696230Z [36;1m[0m
2025-07-09T14:07:34.9696450Z [36;1mecho "Decoding and installing distribution certificate..."[0m
2025-07-09T14:07:34.9696770Z [36;1m# Decode and install distribution certificate[0m
2025-07-09T14:07:34.9719280Z [36;1mecho "***" | base64 -d > dist_cert.p12[0m
2025-07-09T14:07:34.9719570Z [36;1m[0m
2025-07-09T14:07:34.9719790Z [36;1mecho "Creating keychain..."[0m
2025-07-09T14:07:34.9720120Z [36;1msecurity create-keychain -p "" build.keychain[0m
2025-07-09T14:07:34.9720560Z [36;1msecurity default-keychain -s build.keychain[0m
2025-07-09T14:07:34.9720890Z [36;1msecurity unlock-keychain -p "" build.keychain[0m
2025-07-09T14:07:34.9721250Z [36;1msecurity set-keychain-settings -t 3600 -l ~/Library/Keychains/build.keychain[0m
2025-07-09T14:07:34.9721670Z [36;1m[0m
2025-07-09T14:07:34.9721910Z [36;1mecho "Importing certificate to keychain..."[0m
2025-07-09T14:07:34.9722360Z [36;1msecurity import dist_cert.p12 -k build.keychain -P "***" -T /usr/bin/codesign[0m
2025-07-09T14:07:34.9722870Z [36;1msecurity set-key-partition-list -S apple-tool:,apple:,codesign: -s -k "" build.keychain[0m
2025-07-09T14:07:34.9723250Z [36;1m[0m
2025-07-09T14:07:34.9723520Z [36;1m# Enhanced certificate verification[0m
2025-07-09T14:07:34.9723870Z [36;1mecho "üîç Enhanced Certificate Verification:"[0m
2025-07-09T14:07:34.9724140Z [36;1mecho "Available signing identities:"[0m
2025-07-09T14:07:34.9724420Z [36;1msecurity find-identity -v build.keychain[0m
2025-07-09T14:07:34.9724640Z [36;1m[0m
2025-07-09T14:07:34.9724830Z [36;1m# Get the exact identity name for signing[0m
2025-07-09T14:07:34.9725290Z [36;1mSIGNING_IDENTITY=$(security find-identity -v build.keychain | grep "iPhone Distribution" | head -1 | sed 's/.*"\(.*\)".*/\1/')[0m
2025-07-09T14:07:34.9725770Z [36;1mecho "Using signing identity: $SIGNING_IDENTITY"[0m
2025-07-09T14:07:34.9726090Z [36;1m[0m
2025-07-09T14:07:34.9726300Z [36;1mif [ -z "$SIGNING_IDENTITY" ]; then[0m
2025-07-09T14:07:34.9726630Z [36;1m  echo "‚ùå No iPhone Distribution certificate found"[0m
2025-07-09T14:07:34.9726890Z [36;1m  exit 1[0m
2025-07-09T14:07:34.9727090Z [36;1mfi[0m
2025-07-09T14:07:34.9727250Z [36;1m[0m
2025-07-09T14:07:34.9727490Z [36;1m# Extract certificate hash for verification[0m
2025-07-09T14:07:34.9727920Z [36;1mCERT_HASH=$(security find-identity -v build.keychain | grep "iPhone Distribution" | head -1 | awk '{print $2}')[0m
2025-07-09T14:07:34.9728850Z [36;1mecho "Certificate hash: $CERT_HASH"[0m
2025-07-09T14:07:34.9729070Z [36;1m[0m
2025-07-09T14:07:34.9729290Z [36;1m# Verify certificate is valid for App Store Connect[0m
2025-07-09T14:07:34.9729710Z [36;1mecho "üîç Verifying certificate for App Store Connect..."[0m
2025-07-09T14:07:34.9730270Z [36;1mCERT_INFO=$(security find-certificate -c "$SIGNING_IDENTITY" -p build.keychain 2>/dev/null | openssl x509 -noout -text 2>/dev/null)[0m
2025-07-09T14:07:34.9730740Z [36;1m[0m
2025-07-09T14:07:34.9731000Z [36;1mif echo "$CERT_INFO" | grep -q "Digital Signature"; then[0m
2025-07-09T14:07:34.9731380Z [36;1m  echo "‚úÖ Certificate has Digital Signature capability"[0m
2025-07-09T14:07:34.9731730Z [36;1melse[0m
2025-07-09T14:07:34.9732000Z [36;1m  echo "‚ùå Certificate missing Digital Signature capability"[0m
2025-07-09T14:07:34.9732260Z [36;1mfi[0m
2025-07-09T14:07:34.9732450Z [36;1m[0m
2025-07-09T14:07:34.9732740Z [36;1mif echo "$CERT_INFO" | grep -q "Key Encipherment"; then[0m
2025-07-09T14:07:34.9733150Z [36;1m  echo "‚úÖ Certificate has Key Encipherment capability"[0m
2025-07-09T14:07:34.9733670Z [36;1melse[0m
2025-07-09T14:07:34.9734000Z [36;1m  echo "‚ùå Certificate missing Key Encipherment capability"[0m
2025-07-09T14:07:34.9734350Z [36;1mfi[0m
2025-07-09T14:07:34.9734600Z [36;1m[0m
2025-07-09T14:07:34.9734840Z [36;1m# Check certificate purpose[0m
2025-07-09T14:07:34.9735150Z [36;1mif echo "$CERT_INFO" | grep -q "Code Signing"; then[0m
2025-07-09T14:07:34.9735540Z [36;1m  echo "‚úÖ Certificate is valid for Code Signing"[0m
2025-07-09T14:07:34.9735910Z [36;1melse[0m
2025-07-09T14:07:34.9736220Z [36;1m  echo "‚ùå Certificate not valid for Code Signing"[0m
2025-07-09T14:07:34.9736490Z [36;1mfi[0m
2025-07-09T14:07:34.9736630Z [36;1m[0m
2025-07-09T14:07:34.9736930Z [36;1m# Check if this is an App Store Connect certificate[0m
2025-07-09T14:07:34.9737330Z [36;1mif echo "$SIGNING_IDENTITY" | grep -q "iPhone Distribution"; then[0m
2025-07-09T14:07:34.9737760Z [36;1m  echo "‚úÖ Using iPhone Distribution certificate (App Store Connect)"[0m
2025-07-09T14:07:34.9738060Z [36;1melse[0m
2025-07-09T14:07:34.9738330Z [36;1m  echo "‚ùå Not using iPhone Distribution certificate"[0m
2025-07-09T14:07:34.9738620Z [36;1m  echo "   Current certificate: $SIGNING_IDENTITY"[0m
2025-07-09T14:07:34.9738920Z [36;1m  echo "   Expected: iPhone Distribution certificate"[0m
2025-07-09T14:07:34.9739160Z [36;1m  exit 1[0m
2025-07-09T14:07:34.9739340Z [36;1mfi[0m
2025-07-09T14:07:34.9739480Z [36;1m[0m
2025-07-09T14:07:34.9739640Z [36;1m# Show certificate details[0m
2025-07-09T14:07:34.9739860Z [36;1mecho "üîç Certificate details:"[0m
2025-07-09T14:07:34.9740190Z [36;1mecho "$CERT_INFO" | grep -E "(Subject:|Issuer:|Not Before:|Not After:)" | head -10[0m
2025-07-09T14:07:34.9740490Z [36;1m[0m
2025-07-09T14:07:34.9740700Z [36;1mecho "Decoding and installing provisioning profile..."[0m
2025-07-09T14:07:34.9741210Z [36;1m# Robust: Zeilenumbr√ºche entfernen und base64 dekodieren[0m
2025-07-09T14:07:35.0470090Z [36;1mecho "***" | tr -d '\n' | base64 -D > dist_profile.mobileprovision[0m
2025-07-09T14:07:35.0470570Z [36;1mcp dist_profile.mobileprovision ~/Library/MobileDevice/Provisioning\ Profiles/[0m
2025-07-09T14:07:35.0470870Z [36;1m[0m
2025-07-09T14:07:35.0471040Z [36;1mecho "Verifying installed profiles..."[0m
2025-07-09T14:07:35.0471290Z [36;1m# List installed profiles for verification[0m
2025-07-09T14:07:35.0471570Z [36;1mls -lh dist_profile.mobileprovision[0m
2025-07-09T14:07:35.0471870Z [36;1mfile dist_profile.mobileprovision[0m
2025-07-09T14:07:35.0472180Z [36;1mls -la ~/Library/MobileDevice/Provisioning\ Profiles/[0m
2025-07-09T14:07:35.0472480Z [36;1m[0m
2025-07-09T14:07:35.0472810Z [36;1m# Enhanced provisioning profile verification[0m
2025-07-09T14:07:35.0473160Z [36;1mecho "üîç Enhanced Provisioning Profile Verification:"[0m
2025-07-09T14:07:35.0473470Z [36;1mecho "Provisioning profile details:"[0m
2025-07-09T14:07:35.0474390Z [36;1msecurity cms -D -i dist_profile.mobileprovision | grep -E "(Name|TeamIdentifier|TeamName|AppIDName|UUID|ExpirationDate)"[0m
2025-07-09T14:07:35.0474840Z [36;1m[0m
2025-07-09T14:07:35.0475160Z [36;1m# Extract certificate hash from provisioning profile using the working one-liner[0m
2025-07-09T14:07:35.0475580Z [36;1mecho "Certificates in provisioning profile:"[0m
2025-07-09T14:07:35.0476270Z [36;1mPROFILE_CERT_HASH=$(security cms -D -i dist_profile.mobileprovision | plutil -extract DeveloperCertificates.0 raw -o - - | base64 -D | openssl x509 -inform DER -noout -fingerprint -sha1 | sed 's/SHA1 Fingerprint=//' | tr -d ':')[0m
2025-07-09T14:07:35.0477050Z [36;1mecho "Profile certificate hash: $PROFILE_CERT_HASH"[0m
2025-07-09T14:07:35.0477350Z [36;1m[0m
2025-07-09T14:07:35.0477620Z [36;1m# Verify certificate-profile match[0m
2025-07-09T14:07:35.0477940Z [36;1mecho "üîç Verifying Certificate-Profile Match:"[0m
2025-07-09T14:07:35.0478250Z [36;1mif [ "$CERT_HASH" = "$PROFILE_CERT_HASH" ]; then[0m
2025-07-09T14:07:35.0478610Z [36;1m  echo "‚úÖ Certificate hash matches provisioning profile"[0m
2025-07-09T14:07:35.0479120Z [36;1melse[0m
2025-07-09T14:07:35.0479350Z [36;1m  echo "‚ùå Certificate hash mismatch!"[0m
2025-07-09T14:07:35.0479610Z [36;1m  echo "   Certificate hash: $CERT_HASH"[0m
2025-07-09T14:07:35.0479900Z [36;1m  echo "   Profile hash: $PROFILE_CERT_HASH"[0m
2025-07-09T14:07:35.0480260Z [36;1m  echo "   This will cause App Store Connect upload to fail"[0m
2025-07-09T14:07:35.0480680Z [36;1m  echo "   ‚ö†Ô∏è  You need to create a new provisioning profile with the new certificate"[0m
2025-07-09T14:07:35.0481010Z [36;1m  exit 1[0m
2025-07-09T14:07:35.0481190Z [36;1mfi[0m
2025-07-09T14:07:35.0481400Z [36;1m[0m
2025-07-09T14:07:35.0481590Z [36;1m# Verify certificate expiration[0m
2025-07-09T14:07:35.0481900Z [36;1mecho "üîç Checking Certificate Expiration:"[0m
2025-07-09T14:07:35.0482460Z [36;1mCERT_EXPIRY=$(security find-certificate -c "$SIGNING_IDENTITY" -p build.keychain | openssl x509 -noout -enddate 2>/dev/null | cut -d= -f2)[0m
2025-07-09T14:07:35.0482930Z [36;1mecho "Certificate expires: $CERT_EXPIRY"[0m
2025-07-09T14:07:35.0483190Z [36;1m[0m
2025-07-09T14:07:35.0483390Z [36;1m# Check if certificate is expired[0m
2025-07-09T14:07:35.0483640Z [36;1mif [ -n "$CERT_EXPIRY" ]; then[0m
2025-07-09T14:07:35.0483970Z [36;1m  EXPIRY_EPOCH=$(date -j -f "%b %d %H:%M:%S %Y %Z" "$CERT_EXPIRY" +%s 2>/dev/null)[0m
2025-07-09T14:07:35.0484260Z [36;1m  CURRENT_EPOCH=$(date +%s)[0m
2025-07-09T14:07:35.0484530Z [36;1m  if [ "$EXPIRY_EPOCH" -lt "$CURRENT_EPOCH" ]; then[0m
2025-07-09T14:07:35.0484820Z [36;1m    echo "‚ùå Certificate has expired!"[0m
2025-07-09T14:07:35.0485070Z [36;1m    exit 1[0m
2025-07-09T14:07:35.0485220Z [36;1m  else[0m
2025-07-09T14:07:35.0485430Z [36;1m    echo "‚úÖ Certificate is valid"[0m
2025-07-09T14:07:35.0485620Z [36;1m  fi[0m
2025-07-09T14:07:35.0485900Z [36;1mfi[0m
2025-07-09T14:07:35.0486330Z [36;1m[0m
2025-07-09T14:07:35.0486770Z [36;1mecho "Code signing setup completed successfully"[0m
2025-07-09T14:07:35.0499630Z [36;1m[0m
2025-07-09T14:07:35.0499830Z [36;1m# Configure Flutter to use our keychain[0m
2025-07-09T14:07:35.0500140Z [36;1mecho "üîß Configuring Flutter to use build keychain..."[0m
2025-07-09T14:07:35.0500430Z [36;1mexport CODESIGN_KEYCHAIN=build.keychain[0m
2025-07-09T14:07:35.0500670Z [36;1mexport CODESIGN_KEYCHAIN_PASSWORD=""[0m
2025-07-09T14:07:35.0500870Z [36;1m[0m
2025-07-09T14:07:35.0501040Z [36;1m# Set keychain as default for codesign[0m
2025-07-09T14:07:35.0501280Z [36;1msecurity default-keychain -s build.keychain[0m
2025-07-09T14:07:35.0501540Z [36;1msecurity list-keychains -s build.keychain[0m
2025-07-09T14:07:35.0501800Z [36;1msecurity unlock-keychain -p "" build.keychain[0m
2025-07-09T14:07:35.0502020Z [36;1m[0m
2025-07-09T14:07:35.0502190Z [36;1m# Verify Flutter can see the certificates[0m
2025-07-09T14:07:35.0502450Z [36;1mecho "üîç Verifying Flutter can access certificates:"[0m
2025-07-09T14:07:35.0502880Z [36;1mflutter doctor -v[0m
2025-07-09T14:07:35.0503040Z [36;1m[0m
2025-07-09T14:07:35.0503220Z [36;1m# Show available signing identities for Flutter[0m
2025-07-09T14:07:35.0503500Z [36;1mecho "üîç Available signing identities for Flutter:"[0m
2025-07-09T14:07:35.0503830Z [36;1msecurity find-identity -v build.keychain | grep "iPhone Distribution"[0m
2025-07-09T14:07:35.0539280Z shell: /bin/bash -e {0}
2025-07-09T14:07:35.0539440Z env:
2025-07-09T14:07:35.0539620Z   MD_APPLE_SDK_ROOT: /Applications/Xcode_16.4.app
2025-07-09T14:07:35.0539930Z   FLUTTER_ROOT: /Users/runner/hostedtoolcache/flutter/stable-3.32.4-arm64
2025-07-09T14:07:35.0540220Z   PUB_CACHE: /Users/runner/.pub-cache
2025-07-09T14:07:35.0540410Z ##[endgroup]
2025-07-09T14:07:35.1201710Z Setting up iOS code signing...
2025-07-09T14:07:35.1249500Z Decoding and installing distribution certificate...
2025-07-09T14:07:35.1289870Z Creating keychain...
2025-07-09T14:07:35.2051350Z Importing certificate to keychain...
2025-07-09T14:07:35.2483490Z 1 identity imported.
2025-07-09T14:07:35.2584360Z 1 certificate imported.
2025-07-09T14:07:35.2737430Z keychain: "/Users/runner/Library/Keychains/build.keychain-db"
2025-07-09T14:07:35.2738190Z version: 512
2025-07-09T14:07:35.2738380Z class: 0x00000010 
2025-07-09T14:07:35.2738560Z attributes:
2025-07-09T14:07:35.2738740Z     0x00000000 <uint32>=0x00000010 
2025-07-09T14:07:35.2739010Z     0x00000001 <blob>=0x324539443837413500  "2E9D87A5\000"
2025-07-09T14:07:35.2739290Z     0x00000002 <blob>=<NULL>
2025-07-09T14:07:35.2739500Z     0x00000003 <uint32>=0x00000001 
2025-07-09T14:07:35.2739780Z     0x00000004 <uint32>=0x00000000 
2025-07-09T14:07:35.2740020Z     0x00000005 <uint32>=0x00000000 
2025-07-09T14:07:35.2740510Z     0x00000006 <blob>=0x1F7B7F9D6FB285CDFE1C938170BAB3FBD4190928  "\037{\177\235o\262\205\315\376\034\223\201p\272\263\373\324\031\011("
2025-07-09T14:07:35.2740990Z     0x00000007 <blob>=<NULL>
2025-07-09T14:07:35.2741470Z     0x00000008 <blob>=0x7B38373139316361322D306663392D313164342D383439612D3030303530326235323132327D00  "{87191ca2-0fc9-11d4-849a-000502b52122}\000"
2025-07-09T14:07:35.2741990Z     0x00000009 <uint32>=0x0000002A  "\000\000\000*"
2025-07-09T14:07:35.2742250Z     0x0000000A <uint32>=0x00000800 
2025-07-09T14:07:35.2742470Z     0x0000000B <uint32>=0x00000800 
2025-07-09T14:07:35.2742690Z     0x0000000C <blob>=0x0000000000000000 
2025-07-09T14:07:35.2742940Z     0x0000000D <blob>=0x0000000000000000 
2025-07-09T14:07:35.2743180Z     0x0000000E <uint32>=0x00000001 
2025-07-09T14:07:35.2743410Z     0x0000000F <uint32>=0x00000001 
2025-07-09T14:07:35.2743610Z     0x00000010 <uint32>=0x00000001 
2025-07-09T14:07:35.2743840Z     0x00000011 <uint32>=0x00000000 
2025-07-09T14:07:35.2744050Z     0x00000012 <uint32>=0x00000001 
2025-07-09T14:07:35.2744270Z     0x00000013 <uint32>=0x00000001 
2025-07-09T14:07:35.2744540Z     0x00000014 <uint32>=0x00000001 
2025-07-09T14:07:35.2744750Z     0x00000015 <uint32>=0x00000001 
2025-07-09T14:07:35.2744970Z     0x00000016 <uint32>=0x00000001 
2025-07-09T14:07:35.2745190Z     0x00000017 <uint32>=0x00000001 
2025-07-09T14:07:35.2745420Z     0x00000018 <uint32>=0x00000001 
2025-07-09T14:07:35.2745630Z     0x00000019 <uint32>=0x00000001 
2025-07-09T14:07:35.2745840Z     0x0000001A <uint32>=0x00000001 
2025-07-09T14:07:35.2746420Z üîç Enhanced Certificate Verification:
2025-07-09T14:07:35.2746660Z Available signing identities:
2025-07-09T14:07:35.3142220Z   1) C71655D74F5D05111B7DB034CD0EA937EA86430A "iPhone Distribution: Lukas Jost (***)"
2025-07-09T14:07:35.3144020Z      1 valid identities found
2025-07-09T14:07:35.3378740Z Using signing identity: iPhone Distribution: Lukas Jost (***)
2025-07-09T14:07:35.3614310Z Certificate hash: C71655D74F5D05111B7DB034CD0EA937EA86430A
2025-07-09T14:07:35.3615400Z üîç Verifying certificate for App Store Connect...
2025-07-09T14:07:35.4007540Z ‚úÖ Certificate has Digital Signature capability
2025-07-09T14:07:35.4049290Z ‚ùå Certificate missing Key Encipherment capability
2025-07-09T14:07:35.4083860Z ‚úÖ Certificate is valid for Code Signing
2025-07-09T14:07:35.4124060Z ‚úÖ Using iPhone Distribution certificate (App Store Connect)
2025-07-09T14:07:35.4124690Z üîç Certificate details:
2025-07-09T14:07:35.4166010Z         Issuer: CN = Apple Worldwide Developer Relations Certification Authority, OU = G3, O = Apple Inc., C = US
2025-07-09T14:07:35.4166460Z             Not Before: Jul  9 12:47:09 2025 GMT
2025-07-09T14:07:35.4167180Z         Subject: UID = ***, CN = iPhone Distribution: Lukas Jost (***), OU = ***, O = Lukas Jost, C = US
2025-07-09T14:07:35.4167590Z Decoding and installing provisioning profile...
2025-07-09T14:07:35.4265360Z Verifying installed profiles...
2025-07-09T14:07:35.4320540Z -rw-r--r--  1 runner  staff    12K Jul  9 14:07 dist_profile.mobileprovision
2025-07-09T14:07:35.4419800Z dist_profile.mobileprovision: data
2025-07-09T14:07:35.4473560Z total 24
2025-07-09T14:07:35.4474200Z drwxr-xr-x  3 runner  staff     96 Jul  9 14:07 .
2025-07-09T14:07:35.4474500Z drwxr-xr-x  3 runner  staff     96 Jul  9 14:07 ..
2025-07-09T14:07:35.4474950Z -rw-r--r--  1 runner  staff  12095 Jul  9 14:07 dist_profile.mobileprovision
2025-07-09T14:07:35.4475940Z üîç Enhanced Provisioning Profile Verification:
2025-07-09T14:07:35.4476240Z Provisioning profile details:
2025-07-09T14:07:35.4848040Z 	<key>AppIDName</key>
2025-07-09T14:07:35.4848360Z 	<key>ExpirationDate</key>
2025-07-09T14:07:35.4848860Z 	<key>Name</key>
2025-07-09T14:07:35.4849850Z 	<key>TeamIdentifier</key>
2025-07-09T14:07:35.4850140Z 	<key>TeamName</key>
2025-07-09T14:07:35.4850360Z 	<key>UUID</key>
2025-07-09T14:07:35.4850640Z Certificates in provisioning profile:
2025-07-09T14:07:35.5195080Z Profile certificate hash: C71655D74F5D05111B7DB034CD0EA937EA86430A
2025-07-09T14:07:35.5196760Z üîç Verifying Certificate-Profile Match:
2025-07-09T14:07:35.5197130Z ‚úÖ Certificate hash matches provisioning profile
2025-07-09T14:07:35.5197450Z üîç Checking Certificate Expiration:
2025-07-09T14:07:35.5430530Z Certificate expires: Jul  9 12:47:08 2026 GMT
2025-07-09T14:07:35.5499370Z ‚úÖ Certificate is valid
2025-07-09T14:07:35.5499860Z Code signing setup completed successfully
2025-07-09T14:07:35.5501430Z üîß Configuring Flutter to use build keychain...
2025-07-09T14:07:35.6032970Z üîç Verifying Flutter can access certificates:
2025-07-09T14:07:38.7548280Z [‚úì] Flutter (Channel stable, 3.32.4, on macOS 15.5 24F74 darwin-arm64, locale en-US) [2.7s]
2025-07-09T14:07:38.7549010Z     ‚Ä¢ Flutter version 3.32.4 on channel stable at /Users/runner/hostedtoolcache/flutter/stable-3.32.4-arm64
2025-07-09T14:07:38.7549680Z     ‚Ä¢ Upstream repository https://github.com/flutter/flutter.git
2025-07-09T14:07:38.7550120Z     ‚Ä¢ Framework revision 6fba2447e9 (4 weeks ago), 2025-06-12 19:03:56 -0700
2025-07-09T14:07:38.7550540Z     ‚Ä¢ Engine revision 8cd19e509d
2025-07-09T14:07:38.7550790Z     ‚Ä¢ Dart version 3.8.1
2025-07-09T14:07:38.7551020Z     ‚Ä¢ DevTools version 2.45.1
2025-07-09T14:07:38.7551170Z 
2025-07-09T14:07:42.4068280Z [!] Android toolchain - develop for Android devices (Android SDK version 36.0.0) [6.3s]
2025-07-09T14:07:42.4070550Z     ‚Ä¢ Android SDK at /Users/runner/Library/Android/sdk
2025-07-09T14:07:42.4075450Z     ‚Ä¢ Platform android-36, build-tools 36.0.0
2025-07-09T14:07:42.4076520Z     ‚Ä¢ ANDROID_HOME = /Users/runner/Library/Android/sdk
2025-07-09T14:07:42.4078230Z     ‚Ä¢ ANDROID_SDK_ROOT = /Users/runner/Library/Android/sdk
2025-07-09T14:07:42.4081980Z     ‚Ä¢ Java binary at: /Users/runner/hostedtoolcache/Java_Temurin-Hotspot_jdk/21.0.7-6.0/arm64/Contents/Home/bin/java
2025-07-09T14:07:42.4083220Z       This JDK is specified by the JAVA_HOME environment variable.
2025-07-09T14:07:42.4086080Z       To manually set the JDK path, use: `flutter config --jdk-dir="path/to/jdk"`.
2025-07-09T14:07:42.4089130Z     ‚Ä¢ Java version OpenJDK Runtime Environment Temurin-21.0.7+6 (build 21.0.7+6-LTS)
2025-07-09T14:07:42.4091310Z     ! Some Android licenses not accepted. To resolve this, run: flutter doctor --android-licenses
2025-07-09T14:07:42.4091800Z 
2025-07-09T14:07:42.4092220Z [‚úì] Xcode - develop for iOS and macOS (Xcode 16.4) [5.3s]
2025-07-09T14:07:42.4094000Z     ‚Ä¢ Xcode at /Applications/Xcode_16.4.app/Contents/Developer
2025-07-09T14:07:42.4094440Z     ‚Ä¢ Build 16F6
2025-07-09T14:07:42.4094790Z     ‚Ä¢ CocoaPods version 1.16.2
2025-07-09T14:07:42.4095000Z 
2025-07-09T14:07:42.4106760Z [‚úì] Chrome - develop for the web [13ms]
2025-07-09T14:07:42.4108210Z     ‚Ä¢ Chrome at /Applications/Google Chrome.app/Contents/MacOS/Google Chrome
2025-07-09T14:07:42.4108880Z 
2025-07-09T14:07:42.4111550Z [!] Android Studio (not installed) [11ms]
2025-07-09T14:07:42.4112540Z     ‚Ä¢ Android Studio not found; download from https://developer.android.com/studio/index.html
2025-07-09T14:07:42.4113310Z       (or visit https://flutter.dev/to/macos-android-setup for detailed instructions).
2025-07-09T14:07:42.4113840Z 
2025-07-09T14:07:47.6087050Z [‚úì] Connected device (2 available) [8.9s]
2025-07-09T14:07:47.6087960Z     ‚Ä¢ macOS (desktop) ‚Ä¢ macos  ‚Ä¢ darwin-arm64   ‚Ä¢ macOS 15.5 24F74 darwin-arm64
2025-07-09T14:07:47.6088510Z     ‚Ä¢ Chrome (web)    ‚Ä¢ chrome ‚Ä¢ web-javascript ‚Ä¢ Google Chrome 138.0.7204.50
2025-07-09T14:07:47.6088820Z 
2025-07-09T14:07:47.6089920Z [‚úì] Network resources [345ms]
2025-07-09T14:07:47.6091560Z     ‚Ä¢ All expected network resources are available.
2025-07-09T14:07:47.6100170Z 
2025-07-09T14:07:47.6100570Z ! Doctor found issues in 2 categories.
2025-07-09T14:07:47.6138410Z üîç Available signing identities for Flutter:
2025-07-09T14:07:47.6602290Z   1) C71655D74F5D05111B7DB034CD0EA937EA86430A "iPhone Distribution: Lukas Jost (***)"
2025-07-09T14:07:47.6702690Z ##[group]Run # Build without code signing first
2025-07-09T14:07:47.6703170Z [36;1m# Build without code signing first[0m
2025-07-09T14:07:47.6703550Z [36;1mecho "üî® Building without code signing..."[0m
2025-07-09T14:07:47.6703980Z [36;1mflutter build ios --release --no-codesign --build-number=28[0m
2025-07-09T14:07:47.6704410Z [36;1m[0m
2025-07-09T14:07:47.6704690Z [36;1mecho "‚úÖ Flutter build completed without code signing"[0m
2025-07-09T14:07:47.6705100Z [36;1m[0m
2025-07-09T14:07:47.6705430Z [36;1m# Get the exact certificate name from keychain[0m
2025-07-09T14:07:47.6706160Z [36;1mecho "üîç Getting exact certificate name..."[0m
2025-07-09T14:07:47.6706710Z [36;1mCERT_NAME=$(security find-identity -v build.keychain | grep "iPhone Distribution" | head -1 | sed 's/.*"\(.*\)".*/\1/')[0m
2025-07-09T14:07:47.6707280Z [36;1mecho "Using certificate: $CERT_NAME"[0m
2025-07-09T14:07:47.6707670Z [36;1m[0m
2025-07-09T14:07:47.6708060Z [36;1m# Sign Flutter framework FIRST (before app signing)[0m
2025-07-09T14:07:47.6708420Z [36;1mecho "üîê Signing Flutter framework..."[0m
2025-07-09T14:07:47.6708920Z [36;1mif [ -d "build/ios/iphoneos/Runner.app/Frameworks/Flutter.framework" ]; then[0m
2025-07-09T14:07:47.6709410Z [36;1m  echo "Found Flutter framework, signing..."[0m
2025-07-09T14:07:47.6709990Z [36;1m  codesign --force --sign "$CERT_NAME" --keychain build.keychain build/ios/iphoneos/Runner.app/Frameworks/Flutter.framework[0m
2025-07-09T14:07:47.6710700Z [36;1m  echo "Flutter framework signing completed"[0m
2025-07-09T14:07:47.6710990Z [36;1melse[0m
2025-07-09T14:07:47.6711260Z [36;1m  echo "‚ÑπÔ∏è No Flutter framework found"[0m
2025-07-09T14:07:47.6711630Z [36;1mfi[0m
2025-07-09T14:07:47.6711840Z [36;1m[0m
2025-07-09T14:07:47.6712040Z [36;1m# Manually sign the app AFTER framework signing[0m
2025-07-09T14:07:47.6712370Z [36;1mecho "üîê Manually signing the app..."[0m
2025-07-09T14:07:47.6712840Z [36;1mcodesign --force --sign "$CERT_NAME" --keychain build.keychain build/ios/iphoneos/Runner.app[0m
2025-07-09T14:07:47.6713290Z [36;1m[0m
2025-07-09T14:07:47.6713710Z [36;1mecho "‚úÖ Manual code signing completed"[0m
2025-07-09T14:07:47.6714720Z [36;1m[0m
2025-07-09T14:07:47.6715020Z [36;1m# Embed the provisioning profile last[0m
2025-07-09T14:07:47.6715400Z [36;1mecho "üìã Embedding provisioning profile..."[0m
2025-07-09T14:07:47.6716690Z [36;1mcp dist_profile.mobileprovision build/ios/iphoneos/Runner.app/embedded.mobileprovision[0m
2025-07-09T14:07:47.6718040Z [36;1m[0m
2025-07-09T14:07:47.6718240Z [36;1mecho "‚úÖ Provisioning profile embedded"[0m
2025-07-09T14:07:47.6762700Z shell: /bin/bash -e {0}
2025-07-09T14:07:47.6763050Z env:
2025-07-09T14:07:47.6763340Z   MD_APPLE_SDK_ROOT: /Applications/Xcode_16.4.app
2025-07-09T14:07:47.6763800Z   FLUTTER_ROOT: /Users/runner/hostedtoolcache/flutter/stable-3.32.4-arm64
2025-07-09T14:07:47.6764170Z   PUB_CACHE: /Users/runner/.pub-cache
2025-07-09T14:07:47.6764390Z   CODESIGN_KEYCHAIN: build.keychain
2025-07-09T14:07:47.6764610Z   CODESIGN_KEYCHAIN_PASSWORD: 
2025-07-09T14:07:47.6764820Z   FLUTTER_BUILD_NUMBER: 28
2025-07-09T14:07:47.6765120Z   APPLE_TEAM_ID: ***
2025-07-09T14:07:47.6765280Z ##[endgroup]
2025-07-09T14:07:47.7185420Z üî® Building without code signing...
2025-07-09T14:07:48.6331790Z Warning: Building for device with codesigning disabled. You will have to manually codesign before deploying to device.
2025-07-09T14:07:50.4187670Z Building io.scelus.dienstplan for device (ios-release)...
2025-07-09T14:07:50.4543060Z ios/Runner/AppDelegate.swift uses the deprecated @UIApplicationMain attribute, updating.
2025-07-09T14:07:50.4556480Z .gitignore does not ignore Swift Package Manager build directories, updating.
2025-07-09T14:07:50.4607230Z Upgrading Runner.xcscheme
2025-07-09T14:07:52.5636290Z Running pod install...                                           1,295ms
2025-07-09T14:08:45.1468400Z Running Xcode build...                                          
2025-07-09T14:08:45.1567490Z Xcode build done.                                           52.6s
2025-07-09T14:08:46.3214300Z ‚úì Built build/ios/iphoneos/Runner.app (55.9MB)
2025-07-09T14:08:46.3504600Z ‚úÖ Flutter build completed without code signing
2025-07-09T14:08:46.3513040Z üîç Getting exact certificate name...
2025-07-09T14:08:46.3920770Z Using certificate: iPhone Distribution: Lukas Jost (***)
2025-07-09T14:08:46.3921670Z üîê Signing Flutter framework...
2025-07-09T14:08:46.3922070Z Found Flutter framework, signing...
2025-07-09T14:08:46.4093860Z build/ios/iphoneos/Runner.app/Frameworks/Flutter.framework: replacing existing signature
2025-07-09T14:08:46.4512800Z Flutter framework signing completed
2025-07-09T14:08:46.4516050Z üîê Manually signing the app...
2025-07-09T14:08:47.2797140Z ‚úÖ Manual code signing completed
2025-07-09T14:08:47.2798350Z üìã Embedding provisioning profile...
2025-07-09T14:08:47.2858570Z ‚úÖ Provisioning profile embedded
2025-07-09T14:08:47.2992840Z ##[group]Run echo "üîç Verifying built app..."
2025-07-09T14:08:47.2994720Z [36;1mecho "üîç Verifying built app..."[0m
2025-07-09T14:08:47.2995290Z [36;1m[0m
2025-07-09T14:08:47.2996160Z [36;1m# Find the built app[0m
2025-07-09T14:08:47.2996670Z [36;1mAPP_PATH=$(find build/ios/iphoneos -name "*.app" -type d | head -1)[0m
2025-07-09T14:08:47.2997220Z [36;1mecho "App path: $APP_PATH"[0m
2025-07-09T14:08:47.2997760Z [36;1m[0m
2025-07-09T14:08:47.2998150Z [36;1mif [ ! -d "$APP_PATH" ]; then[0m
2025-07-09T14:08:47.2999110Z [36;1m  echo "‚ùå Built app not found"[0m
2025-07-09T14:08:47.2999510Z [36;1m  exit 1[0m
2025-07-09T14:08:47.3000270Z [36;1mfi[0m
2025-07-09T14:08:47.3000640Z [36;1m[0m
2025-07-09T14:08:47.3001130Z [36;1m# Verify code signing[0m
2025-07-09T14:08:47.3001970Z [36;1mecho "Verifying code signing..."[0m
2025-07-09T14:08:47.3002810Z [36;1mcodesign -dv --verbose=4 "$APP_PATH"[0m
2025-07-09T14:08:47.3004330Z [36;1m[0m
2025-07-09T14:08:47.3005140Z [36;1m# Verify provisioning profile is embedded[0m
2025-07-09T14:08:47.3005580Z [36;1mif [ -f "$APP_PATH/embedded.mobileprovision" ]; then[0m
2025-07-09T14:08:47.3006270Z [36;1m  echo "‚úÖ Provisioning profile embedded successfully"[0m
2025-07-09T14:08:47.3007330Z [36;1m  ls -la "$APP_PATH/embedded.mobileprovision"[0m
2025-07-09T14:08:47.3007780Z [36;1melse[0m
2025-07-09T14:08:47.3016050Z [36;1m  echo "‚ùå Provisioning profile not embedded"[0m
2025-07-09T14:08:47.3016520Z [36;1m  exit 1[0m
2025-07-09T14:08:47.3017040Z [36;1mfi[0m
2025-07-09T14:08:47.3017790Z [36;1m[0m
2025-07-09T14:08:47.3046280Z [36;1m# Verify the certificate matches the provisioning profile in the built app[0m
2025-07-09T14:08:47.3046970Z [36;1mecho "üîç Final Certificate-Profile Verification:"[0m
2025-07-09T14:08:47.3048190Z [36;1mBUILT_CERT_HASH=$(codesign -dv --verbose=4 "$APP_PATH" 2>&1 | grep "Authority=" | head -1 | grep -o '[A-F0-9]\{40\}' || echo "")[0m
2025-07-09T14:08:47.3050580Z [36;1mPROFILE_CERT_HASH=$(security cms -D -i "$APP_PATH/embedded.mobileprovision" | grep -A 10 "DeveloperCertificates" | grep -o '[A-F0-9]\{40\}' | head -1)[0m
2025-07-09T14:08:47.3052250Z [36;1m[0m
2025-07-09T14:08:47.3057270Z [36;1mecho "Built app certificate hash: $BUILT_CERT_HASH"[0m
2025-07-09T14:08:47.3059080Z [36;1mecho "Profile certificate hash: $PROFILE_CERT_HASH"[0m
2025-07-09T14:08:47.3060080Z [36;1m[0m
2025-07-09T14:08:47.3060820Z [36;1mif [ "$BUILT_CERT_HASH" = "$PROFILE_CERT_HASH" ]; then[0m
2025-07-09T14:08:47.3064380Z [36;1m  echo "‚úÖ Built app certificate matches provisioning profile"[0m
2025-07-09T14:08:47.3064920Z [36;1melse[0m
2025-07-09T14:08:47.3066500Z [36;1m  echo "‚ùå Built app certificate mismatch with provisioning profile"[0m
2025-07-09T14:08:47.3068980Z [36;1m  echo "   This will cause App Store Connect upload to fail"[0m
2025-07-09T14:08:47.3069600Z [36;1m  exit 1[0m
2025-07-09T14:08:47.3070880Z [36;1mfi[0m
2025-07-09T14:08:47.3073110Z [36;1m[0m
2025-07-09T14:08:47.3073580Z [36;1m# Verify framework signing[0m
2025-07-09T14:08:47.3074000Z [36;1mecho "üîç Verifying framework signing..."[0m
2025-07-09T14:08:47.3074500Z [36;1mif [ -d "build/ios/iphoneos/Runner.app/Frameworks/Flutter.framework" ]; then[0m
2025-07-09T14:08:47.3078000Z [36;1m  echo "Checking framework: build/ios/iphoneos/Runner.app/Frameworks/Flutter.framework"[0m
2025-07-09T14:08:47.3078980Z [36;1m  [0m
2025-07-09T14:08:47.3079210Z [36;1m  # Check if framework is signed[0m
2025-07-09T14:08:47.3079740Z [36;1m  if codesign -dv build/ios/iphoneos/Runner.app/Frameworks/Flutter.framework 2>&1 | grep -q "not signed"; then[0m
2025-07-09T14:08:47.3080810Z [36;1m    echo "‚ùå Framework not properly signed: build/ios/iphoneos/Runner.app/Frameworks/Flutter.framework"[0m
2025-07-09T14:08:47.3081500Z [36;1m    echo "Framework signing details:"[0m
2025-07-09T14:08:47.3081980Z [36;1m    codesign -dv build/ios/iphoneos/Runner.app/Frameworks/Flutter.framework 2>&1[0m
2025-07-09T14:08:47.3082370Z [36;1m    exit 1[0m
2025-07-09T14:08:47.3084150Z [36;1m  else[0m
2025-07-09T14:08:47.3084590Z [36;1m    echo "‚úÖ Framework signing verification passed"[0m
2025-07-09T14:08:47.3085010Z [36;1m  fi[0m
2025-07-09T14:08:47.3085340Z [36;1melse[0m
2025-07-09T14:08:47.3085560Z [36;1m  echo "‚ÑπÔ∏è No Flutter framework found to verify"[0m
2025-07-09T14:08:47.3085890Z [36;1mfi[0m
2025-07-09T14:08:47.3086050Z [36;1m[0m
2025-07-09T14:08:47.3130230Z [36;1mecho "‚úÖ All verification checks passed"[0m
2025-07-09T14:08:47.4355630Z shell: /bin/bash -e {0}
2025-07-09T14:08:47.4355980Z env:
2025-07-09T14:08:47.4356400Z   MD_APPLE_SDK_ROOT: /Applications/Xcode_16.4.app
2025-07-09T14:08:47.4357000Z   FLUTTER_ROOT: /Users/runner/hostedtoolcache/flutter/stable-3.32.4-arm64
2025-07-09T14:08:47.4357470Z   PUB_CACHE: /Users/runner/.pub-cache
2025-07-09T14:08:47.4357740Z ##[endgroup]
2025-07-09T14:08:47.5419640Z üîç Verifying built app...
2025-07-09T14:08:47.5521040Z App path: build/ios/iphoneos/Runner.app
2025-07-09T14:08:47.5622430Z Verifying code signing...
2025-07-09T14:08:47.5724090Z Executable=/Users/runner/work/dienstplan/dienstplan/build/ios/iphoneos/Runner.app/Runner
2025-07-09T14:08:47.5724890Z ‚úÖ Provisioning profile embedded successfully
2025-07-09T14:08:47.5725410Z Identifier=io.scelus.dienstplan
2025-07-09T14:08:47.5826530Z Format=app bundle with Mach-O thin (arm64)
2025-07-09T14:08:47.5946000Z CodeDirectory v=20400 size=888 flags=0x0(none) hashes=21+3 location=embedded
2025-07-09T14:08:47.5951530Z -rw-r--r--  1 runner  staff  12095 Jul  9 14:08 build/ios/iphoneos/Runner.app/embedded.mobileprovision
2025-07-09T14:08:47.6056120Z VersionPlatform=2
2025-07-09T14:08:47.6065910Z üîç Final Certificate-Profile Verification:
2025-07-09T14:08:47.6173160Z VersionMin=786432
2025-07-09T14:08:47.6276840Z VersionSDK=1180928
2025-07-09T14:08:47.6378690Z Hash type=sha256 size=32
2025-07-09T14:08:47.6484420Z CandidateCDHash sha256=c31e331f049c38c055d7d44d138e4fc9db07c75d
2025-07-09T14:08:47.6586370Z CandidateCDHashFull sha256=c31e331f049c38c055d7d44d138e4fc9db07c75d2fbdecabad71ec6147cafc81
2025-07-09T14:08:47.6671260Z Hash choices=sha256
2025-07-09T14:08:47.6680040Z CMSDigest=c31e331f049c38c055d7d44d138e4fc9db07c75d2fbdecabad71ec6147cafc81
2025-07-09T14:08:47.6778870Z CMSDigestType=2
2025-07-09T14:08:47.6798220Z Executable Segment base=0
2025-07-09T14:08:47.6798600Z Built app certificate hash: 
2025-07-09T14:08:47.6807680Z Executable Segment limit=32768
2025-07-09T14:08:47.6808180Z Profile certificate hash: 
2025-07-09T14:08:47.6815160Z Executable Segment flags=0x1
2025-07-09T14:08:47.6815650Z ‚úÖ Built app certificate matches provisioning profile
2025-07-09T14:08:47.6917600Z Page size=4096
2025-07-09T14:08:47.6918010Z üîç Verifying framework signing...
2025-07-09T14:08:47.7003850Z CDHash=c31e331f049c38c055d7d44d138e4fc9db07c75d
2025-07-09T14:08:47.7004560Z Checking framework: build/ios/iphoneos/Runner.app/Frameworks/Flutter.framework
2025-07-09T14:08:47.7033540Z Signature size=4758
2025-07-09T14:08:47.7040100Z Authority=iPhone Distribution: Lukas Jost (***)
2025-07-09T14:08:47.7065730Z Authority=Apple Worldwide Developer Relations Certification Authority
2025-07-09T14:08:47.7066380Z ‚úÖ Framework signing verification passed
2025-07-09T14:08:47.7067480Z Authority=Apple Root CA
2025-07-09T14:08:47.7067860Z ‚úÖ All verification checks passed
2025-07-09T14:08:47.7080390Z Signed Time=Jul 9, 2025 at 2:08:47‚ÄØPM
2025-07-09T14:08:47.7081590Z Info.plist entries=34
2025-07-09T14:08:47.7088710Z TeamIdentifier=***
2025-07-09T14:08:47.7091320Z Sealed Resources version=2 rules=10 files=89
2025-07-09T14:08:47.7092480Z Internal requirements count=1 size=180
2025-07-09T14:08:47.7134750Z ##[group]Run # Create payload directory
2025-07-09T14:08:47.7135440Z [36;1m# Create payload directory[0m
2025-07-09T14:08:47.7135700Z [36;1mmkdir -p Payload[0m
2025-07-09T14:08:47.7135900Z [36;1m[0m
2025-07-09T14:08:47.7136070Z [36;1m# Find the built app[0m
2025-07-09T14:08:47.7136380Z [36;1mAPP_PATH=$(find build/ios/iphoneos -name "*.app" -type d | head -1)[0m
2025-07-09T14:08:47.7136720Z [36;1mecho "App path: $APP_PATH"[0m
2025-07-09T14:08:47.7136950Z [36;1m[0m
2025-07-09T14:08:47.7137110Z [36;1m# Copy app to payload[0m
2025-07-09T14:08:47.7137360Z [36;1mcp -R "$APP_PATH" Payload/[0m
2025-07-09T14:08:47.7137570Z [36;1m[0m
2025-07-09T14:08:47.7137740Z [36;1m# Create IPA[0m
2025-07-09T14:08:47.7137990Z [36;1mzip -r "dienstplan-v0.4.27-28.ipa" Payload[0m
2025-07-09T14:08:47.7138220Z [36;1m[0m
2025-07-09T14:08:47.7138410Z [36;1m# Clean up[0m
2025-07-09T14:08:47.7138610Z [36;1mrm -rf Payload[0m
2025-07-09T14:08:47.7174290Z shell: /bin/bash -e {0}
2025-07-09T14:08:47.7174580Z env:
2025-07-09T14:08:47.7174820Z   MD_APPLE_SDK_ROOT: /Applications/Xcode_16.4.app
2025-07-09T14:08:47.7175190Z   FLUTTER_ROOT: /Users/runner/hostedtoolcache/flutter/stable-3.32.4-arm64
2025-07-09T14:08:47.7175520Z   PUB_CACHE: /Users/runner/.pub-cache
2025-07-09T14:08:47.7175780Z ##[endgroup]
2025-07-09T14:08:47.7732990Z App path: build/ios/iphoneos/Runner.app
2025-07-09T14:08:48.0705190Z   adding: Payload/ (stored 0%)
2025-07-09T14:08:48.0705640Z   adding: Payload/Runner.app/ (stored 0%)
2025-07-09T14:08:48.0706210Z   adding: Payload/Runner.app/_CodeSignature/ (stored 0%)
2025-07-09T14:08:48.0740770Z   adding: Payload/Runner.app/_CodeSignature/CodeResources (deflated 75%)
2025-07-09T14:08:48.0741430Z   adding: Payload/Runner.app/AppIcon60x60@2x.png (deflated 1%)
2025-07-09T14:08:48.0741810Z   adding: Payload/Runner.app/Runner (deflated 80%)
2025-07-09T14:08:48.0742160Z   adding: Payload/Runner.app/Base.lproj/ (stored 0%)
2025-07-09T14:08:48.0742640Z   adding: Payload/Runner.app/Base.lproj/Main.storyboardc/ (stored 0%)
2025-07-09T14:08:48.0743830Z   adding: Payload/Runner.app/Base.lproj/Main.storyboardc/UIViewController-BYZ-38-t0r.nib (deflated 35%)
2025-07-09T14:08:48.0744690Z   adding: Payload/Runner.app/Base.lproj/Main.storyboardc/BYZ-38-t0r-view-8bC-Xf-vdC.nib (deflated 42%)
2025-07-09T14:08:48.0745270Z   adding: Payload/Runner.app/Base.lproj/Main.storyboardc/Info.plist (deflated 42%)
2025-07-09T14:08:48.0745720Z   adding: Payload/Runner.app/Base.lproj/LaunchScreen.storyboardc/ (stored 0%)
2025-07-09T14:08:48.0746270Z   adding: Payload/Runner.app/Base.lproj/LaunchScreen.storyboardc/01J-lp-oVM-view-Ze5-6b-2t3.nib (deflated 48%)
2025-07-09T14:08:48.0748720Z   adding: Payload/Runner.app/Base.lproj/LaunchScreen.storyboardc/UIViewController-01J-lp-oVM.nib (deflated 35%)
2025-07-09T14:08:48.0751430Z   adding: Payload/Runner.app/Base.lproj/LaunchScreen.storyboardc/Info.plist (deflated 42%)
2025-07-09T14:08:48.1066060Z   adding: Payload/Runner.app/Assets.car (deflated 7%)
2025-07-09T14:08:48.1066690Z   adding: Payload/Runner.app/AppFrameworkInfo.plist (deflated 27%)
2025-07-09T14:08:48.1067790Z   adding: Payload/Runner.app/AppIcon76x76@2x~ipad.png (deflated 1%)
2025-07-09T14:08:48.1068160Z   adding: Payload/Runner.app/Frameworks/ (stored 0%)
2025-07-09T14:08:48.1083990Z   adding: Payload/Runner.app/Frameworks/libswiftCoreImage.dylib (deflated 85%)
2025-07-09T14:08:48.1113400Z   adding: Payload/Runner.app/Frameworks/libswiftObjectiveC.dylib (deflated 73%)
2025-07-09T14:08:49.4007260Z   adding: Payload/Runner.app/Frameworks/libswiftCore.dylib (deflated 56%)
2025-07-09T14:08:49.4643930Z   adding: Payload/Runner.app/Frameworks/libswiftCoreGraphics.dylib (deflated 68%)
2025-07-09T14:08:49.4911490Z   adding: Payload/Runner.app/Frameworks/libswiftUIKit.dylib (deflated 64%)
2025-07-09T14:08:49.5017700Z   adding: Payload/Runner.app/Frameworks/libswiftMetal.dylib (deflated 75%)
2025-07-09T14:08:49.5726730Z   adding: Payload/Runner.app/Frameworks/libswiftDispatch.dylib (deflated 66%)
2025-07-09T14:08:49.5840300Z   adding: Payload/Runner.app/Frameworks/libswiftos.dylib (deflated 67%)
2025-07-09T14:08:49.5941750Z   adding: Payload/Runner.app/Frameworks/libswiftCoreFoundation.dylib (deflated 86%)
2025-07-09T14:08:49.6104830Z   adding: Payload/Runner.app/Frameworks/Flutter.framework/ (stored 0%)
2025-07-09T14:08:49.6206900Z   adding: Payload/Runner.app/Frameworks/Flutter.framework/_CodeSignature/ (stored 0%)
2025-07-09T14:08:49.6308540Z   adding: Payload/Runner.app/Frameworks/Flutter.framework/_CodeSignature/CodeResources (deflated 70%)
2025-07-09T14:08:49.6453360Z   adding: Payload/Runner.app/Frameworks/Flutter.framework/icudtl.dat (deflated 42%)
2025-07-09T14:08:50.1867760Z   adding: Payload/Runner.app/Frameworks/Flutter.framework/Flutter (deflated 57%)
2025-07-09T14:08:50.1868510Z   adding: Payload/Runner.app/Frameworks/Flutter.framework/Headers/ (stored 0%)
2025-07-09T14:08:50.1969590Z   adding: Payload/Runner.app/Frameworks/Flutter.framework/Headers/FlutterEngine.h (deflated 79%)
2025-07-09T14:08:50.2078050Z   adding: Payload/Runner.app/Frameworks/Flutter.framework/Headers/FlutterChannels.h (deflated 85%)
2025-07-09T14:08:50.2220360Z   adding: Payload/Runner.app/Frameworks/Flutter.framework/Headers/FlutterPlugin.h (deflated 75%)
2025-07-09T14:08:50.2306360Z   adding: Payload/Runner.app/Frameworks/Flutter.framework/Headers/FlutterAppDelegate.h (deflated 48%)
2025-07-09T14:08:50.2423690Z   adding: Payload/Runner.app/Frameworks/Flutter.framework/Headers/FlutterTexture.h (deflated 58%)
2025-07-09T14:08:50.2628280Z   adding: Payload/Runner.app/Frameworks/Flutter.framework/Headers/FlutterEngineGroup.h (deflated 71%)
2025-07-09T14:08:50.2730610Z   adding: Payload/Runner.app/Frameworks/Flutter.framework/Headers/FlutterPlatformViews.h (deflated 57%)
2025-07-09T14:08:50.2832590Z   adding: Payload/Runner.app/Frameworks/Flutter.framework/Headers/FlutterHeadlessDartRunner.h (deflated 73%)
2025-07-09T14:08:50.2932150Z   adding: Payload/Runner.app/Frameworks/Flutter.framework/Headers/FlutterCodecs.h (deflated 75%)
2025-07-09T14:08:50.3034070Z   adding: Payload/Runner.app/Frameworks/Flutter.framework/Headers/Flutter.h (deflated 59%)
2025-07-09T14:08:50.3085420Z   adding: Payload/Runner.app/Frameworks/Flutter.framework/Headers/FlutterViewController.h (deflated 68%)
2025-07-09T14:08:50.3199240Z   adding: Payload/Runner.app/Frameworks/Flutter.framework/Headers/FlutterMacros.h (deflated 58%)
2025-07-09T14:08:50.3300980Z   adding: Payload/Runner.app/Frameworks/Flutter.framework/Headers/FlutterDartProject.h (deflated 67%)
2025-07-09T14:08:50.3403540Z   adding: Payload/Runner.app/Frameworks/Flutter.framework/Headers/FlutterHourFormat.h (deflated 45%)
2025-07-09T14:08:50.3506160Z   adding: Payload/Runner.app/Frameworks/Flutter.framework/Headers/FlutterPluginAppLifeCycleDelegate.h (deflated 78%)
2025-07-09T14:08:50.3607640Z   adding: Payload/Runner.app/Frameworks/Flutter.framework/Headers/FlutterBinaryMessenger.h (deflated 67%)
2025-07-09T14:08:50.3710200Z   adding: Payload/Runner.app/Frameworks/Flutter.framework/Headers/FlutterCallbackCache.h (deflated 60%)
2025-07-09T14:08:50.3824770Z   adding: Payload/Runner.app/Frameworks/Flutter.framework/PrivacyInfo.xcprivacy (deflated 62%)
2025-07-09T14:08:50.3928490Z   adding: Payload/Runner.app/Frameworks/Flutter.framework/Modules/ (stored 0%)
2025-07-09T14:08:50.4021610Z   adding: Payload/Runner.app/Frameworks/Flutter.framework/Modules/module.modulemap (deflated 20%)
2025-07-09T14:08:50.4152700Z   adding: Payload/Runner.app/Frameworks/Flutter.framework/Info.plist (deflated 56%)
2025-07-09T14:08:50.4255060Z   adding: Payload/Runner.app/Frameworks/App.framework/ (stored 0%)
2025-07-09T14:08:50.4340320Z   adding: Payload/Runner.app/Frameworks/App.framework/_CodeSignature/ (stored 0%)
2025-07-09T14:08:50.4357170Z   adding: Payload/Runner.app/Frameworks/App.framework/_CodeSignature/CodeResources (deflated 72%)
2025-07-09T14:08:50.5262080Z   adding: Payload/Runner.app/Frameworks/App.framework/App (deflated 60%)
2025-07-09T14:08:50.5368520Z   adding: Payload/Runner.app/Frameworks/App.framework/flutter_assets/ (stored 0%)
2025-07-09T14:08:50.5472260Z   adding: Payload/Runner.app/Frameworks/App.framework/flutter_assets/NOTICES.Z (stored 0%)
2025-07-09T14:08:50.5656440Z   adding: Payload/Runner.app/Frameworks/App.framework/flutter_assets/NativeAssetsManifest.json (stored 0%)
2025-07-09T14:08:50.5773070Z   adding: Payload/Runner.app/Frameworks/App.framework/flutter_assets/AssetManifest.json (deflated 63%)
2025-07-09T14:08:50.5875390Z   adding: Payload/Runner.app/Frameworks/App.framework/flutter_assets/FontManifest.json (deflated 16%)
2025-07-09T14:08:50.5979770Z   adding: Payload/Runner.app/Frameworks/App.framework/flutter_assets/shaders/ (stored 0%)
2025-07-09T14:08:50.6081170Z   adding: Payload/Runner.app/Frameworks/App.framework/flutter_assets/shaders/ink_sparkle.frag (deflated 74%)
2025-07-09T14:08:50.6081800Z   adding: Payload/Runner.app/Frameworks/App.framework/flutter_assets/AssetManifest.bin (deflated 63%)
2025-07-09T14:08:50.6082400Z   adding: Payload/Runner.app/Frameworks/App.framework/flutter_assets/fonts/ (stored 0%)
2025-07-09T14:08:50.6186080Z   adding: Payload/Runner.app/Frameworks/App.framework/flutter_assets/fonts/MaterialIcons-Regular.otf (deflated 38%)
2025-07-09T14:08:50.6288630Z   adding: Payload/Runner.app/Frameworks/App.framework/flutter_assets/assets/ (stored 0%)
2025-07-09T14:08:50.6389940Z   adding: Payload/Runner.app/Frameworks/App.framework/flutter_assets/assets/images/ (stored 0%)
2025-07-09T14:08:50.6493150Z   adding: Payload/Runner.app/Frameworks/App.framework/flutter_assets/assets/images/logo.png (deflated 3%)
2025-07-09T14:08:50.6594420Z   adding: Payload/Runner.app/Frameworks/App.framework/flutter_assets/assets/schedules/ (stored 0%)
2025-07-09T14:08:50.6690240Z   adding: Payload/Runner.app/Frameworks/App.framework/flutter_assets/assets/schedules/bepo_zuege_polizei_bremen.json (deflated 79%)
2025-07-09T14:08:50.6796840Z   adding: Payload/Runner.app/Frameworks/App.framework/flutter_assets/assets/schedules/esd_polizei_bremen.json (deflated 76%)
2025-07-09T14:08:50.6898240Z   adding: Payload/Runner.app/Frameworks/App.framework/Info.plist (deflated 59%)
2025-07-09T14:08:50.6950720Z   adding: Payload/Runner.app/Frameworks/libswiftDarwin.dylib (deflated 71%)
2025-07-09T14:08:50.7051890Z   adding: Payload/Runner.app/Frameworks/url_launcher_ios.framework/ (stored 0%)
2025-07-09T14:08:50.7153170Z   adding: Payload/Runner.app/Frameworks/url_launcher_ios.framework/url_launcher_ios (deflated 76%)
2025-07-09T14:08:50.7187660Z   adding: Payload/Runner.app/Frameworks/url_launcher_ios.framework/url_launcher_ios_privacy.bundle/ (stored 0%)
2025-07-09T14:08:50.7226050Z   adding: Payload/Runner.app/Frameworks/url_launcher_ios.framework/url_launcher_ios_privacy.bundle/PrivacyInfo.xcprivacy (deflated 40%)
2025-07-09T14:08:50.7327790Z   adding: Payload/Runner.app/Frameworks/url_launcher_ios.framework/url_launcher_ios_privacy.bundle/Info.plist (deflated 28%)
2025-07-09T14:08:50.7429050Z   adding: Payload/Runner.app/Frameworks/url_launcher_ios.framework/Info.plist (deflated 28%)
2025-07-09T14:08:50.7530800Z   adding: Payload/Runner.app/Frameworks/libswiftQuartzCore.dylib (deflated 79%)
2025-07-09T14:08:50.7543710Z   adding: Payload/Runner.app/Frameworks/path_provider_foundation.framework/ (stored 0%)
2025-07-09T14:08:50.7645550Z   adding: Payload/Runner.app/Frameworks/path_provider_foundation.framework/path_provider_foundation_privacy.bundle/ (stored 0%)
2025-07-09T14:08:50.7747080Z   adding: Payload/Runner.app/Frameworks/path_provider_foundation.framework/path_provider_foundation_privacy.bundle/PrivacyInfo.xcprivacy (deflated 40%)
2025-07-09T14:08:50.7848600Z   adding: Payload/Runner.app/Frameworks/path_provider_foundation.framework/path_provider_foundation_privacy.bundle/Info.plist (deflated 29%)
2025-07-09T14:08:50.7918250Z   adding: Payload/Runner.app/Frameworks/path_provider_foundation.framework/Info.plist (deflated 28%)
2025-07-09T14:08:50.8013410Z   adding: Payload/Runner.app/Frameworks/path_provider_foundation.framework/path_provider_foundation (deflated 79%)
2025-07-09T14:08:50.8109480Z   adding: Payload/Runner.app/Frameworks/sqflite_darwin.framework/ (stored 0%)
2025-07-09T14:08:50.8162740Z   adding: Payload/Runner.app/Frameworks/sqflite_darwin.framework/sqflite_darwin (deflated 75%)
2025-07-09T14:08:50.8209270Z   adding: Payload/Runner.app/Frameworks/sqflite_darwin.framework/sqflite_darwin_privacy.bundle/ (stored 0%)
2025-07-09T14:08:50.8285910Z   adding: Payload/Runner.app/Frameworks/sqflite_darwin.framework/sqflite_darwin_privacy.bundle/PrivacyInfo.xcprivacy (deflated 40%)
2025-07-09T14:08:50.8329410Z   adding: Payload/Runner.app/Frameworks/sqflite_darwin.framework/sqflite_darwin_privacy.bundle/Info.plist (deflated 28%)
2025-07-09T14:08:50.8341590Z   adding: Payload/Runner.app/Frameworks/sqflite_darwin.framework/Info.plist (deflated 28%)
2025-07-09T14:08:50.8455720Z   adding: Payload/Runner.app/Frameworks/libswiftCoreAudio.dylib (deflated 70%)
2025-07-09T14:08:50.8521220Z   adding: Payload/Runner.app/Frameworks/flutter_native_splash.framework/ (stored 0%)
2025-07-09T14:08:50.8528390Z   adding: Payload/Runner.app/Frameworks/flutter_native_splash.framework/flutter_native_splash (deflated 91%)
2025-07-09T14:08:50.8531230Z   adding: Payload/Runner.app/Frameworks/flutter_native_splash.framework/flutter_native_splash_privacy.bundle/ (stored 0%)
2025-07-09T14:08:50.8535120Z   adding: Payload/Runner.app/Frameworks/flutter_native_splash.framework/flutter_native_splash_privacy.bundle/PrivacyInfo.xcprivacy (deflated 40%)
2025-07-09T14:08:50.8535930Z   adding: Payload/Runner.app/Frameworks/flutter_native_splash.framework/flutter_native_splash_privacy.bundle/Info.plist (deflated 28%)
2025-07-09T14:08:50.8536560Z   adding: Payload/Runner.app/Frameworks/flutter_native_splash.framework/Info.plist (deflated 28%)
2025-07-09T14:08:50.8537040Z   adding: Payload/Runner.app/Frameworks/package_info_plus.framework/ (stored 0%)
2025-07-09T14:08:50.8537590Z   adding: Payload/Runner.app/Frameworks/package_info_plus.framework/package_info_plus (deflated 88%)
2025-07-09T14:08:50.8538220Z   adding: Payload/Runner.app/Frameworks/package_info_plus.framework/Info.plist (deflated 28%)
2025-07-09T14:08:50.8539050Z   adding: Payload/Runner.app/Frameworks/package_info_plus.framework/package_info_plus_privacy.bundle/ (stored 0%)
2025-07-09T14:08:50.8539770Z   adding: Payload/Runner.app/Frameworks/package_info_plus.framework/package_info_plus_privacy.bundle/PrivacyInfo.xcprivacy (deflated 40%)
2025-07-09T14:08:50.8540500Z   adding: Payload/Runner.app/Frameworks/package_info_plus.framework/package_info_plus_privacy.bundle/Info.plist (deflated 28%)
2025-07-09T14:08:50.8541160Z   adding: Payload/Runner.app/Frameworks/shared_preferences_foundation.framework/ (stored 0%)
2025-07-09T14:08:50.8541970Z   adding: Payload/Runner.app/Frameworks/shared_preferences_foundation.framework/shared_preferences_foundation_privacy.bundle/ (stored 0%)
2025-07-09T14:08:50.8544700Z   adding: Payload/Runner.app/Frameworks/shared_preferences_foundation.framework/shared_preferences_foundation_privacy.bundle/PrivacyInfo.xcprivacy (deflated 51%)
2025-07-09T14:08:50.8604290Z   adding: Payload/Runner.app/Frameworks/shared_preferences_foundation.framework/shared_preferences_foundation_privacy.bundle/Info.plist (deflated 29%)
2025-07-09T14:08:50.8608540Z   adding: Payload/Runner.app/Frameworks/shared_preferences_foundation.framework/shared_preferences_foundation (deflated 76%)
2025-07-09T14:08:50.8609220Z   adding: Payload/Runner.app/Frameworks/shared_preferences_foundation.framework/Info.plist (deflated 29%)
2025-07-09T14:08:50.9757490Z   adding: Payload/Runner.app/Frameworks/libswiftFoundation.dylib (deflated 59%)
2025-07-09T14:08:50.9858560Z   adding: Payload/Runner.app/Frameworks/libswiftCoreMedia.dylib (deflated 73%)
2025-07-09T14:08:50.9957900Z   adding: Payload/Runner.app/Frameworks/flutter_local_notifications.framework/ (stored 0%)
2025-07-09T14:08:50.9994130Z   adding: Payload/Runner.app/Frameworks/flutter_local_notifications.framework/flutter_local_notifications_privacy.bundle/ (stored 0%)
2025-07-09T14:08:50.9997800Z   adding: Payload/Runner.app/Frameworks/flutter_local_notifications.framework/flutter_local_notifications_privacy.bundle/PrivacyInfo.xcprivacy (deflated 51%)
2025-07-09T14:08:51.0004820Z   adding: Payload/Runner.app/Frameworks/flutter_local_notifications.framework/flutter_local_notifications_privacy.bundle/Info.plist (deflated 29%)
2025-07-09T14:08:51.0039570Z   adding: Payload/Runner.app/Frameworks/flutter_local_notifications.framework/flutter_local_notifications (deflated 78%)
2025-07-09T14:08:51.0040870Z   adding: Payload/Runner.app/Frameworks/flutter_local_notifications.framework/Info.plist (deflated 29%)
2025-07-09T14:08:51.0214260Z   adding: Payload/Runner.app/Frameworks/libswiftsimd.dylib (deflated 68%)
2025-07-09T14:08:51.0236450Z   adding: Payload/Runner.app/embedded.mobileprovision (deflated 36%)
2025-07-09T14:08:51.0240280Z   adding: Payload/Runner.app/Info.plist (deflated 35%)
2025-07-09T14:08:51.0250810Z   adding: Payload/Runner.app/PkgInfo (stored 0%)
2025-07-09T14:08:51.0556320Z ##[group]Run actions/upload-release-asset@v1
2025-07-09T14:08:51.0558910Z with:
2025-07-09T14:08:51.0559320Z   upload_url: https://uploads.github.com/repos/lusu007/dienstplan/releases/231168097/assets{?name,label}
2025-07-09T14:08:51.0559750Z   asset_path: dienstplan-v0.4.27-28.ipa
2025-07-09T14:08:51.0559980Z   asset_name: dienstplan-v0.4.27-28.ipa
2025-07-09T14:08:51.0560220Z   asset_content_type: application/octet-stream
2025-07-09T14:08:51.0560440Z env:
2025-07-09T14:08:51.0560620Z   MD_APPLE_SDK_ROOT: /Applications/Xcode_16.4.app
2025-07-09T14:08:51.0562060Z   FLUTTER_ROOT: /Users/runner/hostedtoolcache/flutter/stable-3.32.4-arm64
2025-07-09T14:08:51.0562620Z   PUB_CACHE: /Users/runner/.pub-cache
2025-07-09T14:08:51.0563460Z   GITHUB_TOKEN: ***
2025-07-09T14:08:51.0563640Z ##[endgroup]
2025-07-09T14:08:53.7880170Z ##[warning]The `set-output` command is deprecated and will be disabled soon. Please upgrade to using Environment Files. For more information see: https://github.blog/changelog/2022-10-11-github-actions-deprecating-save-state-and-set-output-commands/
2025-07-09T14:08:53.8183540Z ##[group]Run echo "Starting App Store Connect deployment..."
2025-07-09T14:08:53.8184370Z [36;1mecho "Starting App Store Connect deployment..."[0m
2025-07-09T14:08:53.8184690Z [36;1m[0m
2025-07-09T14:08:53.8184950Z [36;1m# Verify Codemagic CLI tools are available[0m
2025-07-09T14:08:53.8185400Z [36;1mecho "Checking Codemagic CLI tools installation..."[0m
2025-07-09T14:08:53.8185750Z [36;1mwhich app-store-connect[0m
2025-07-09T14:08:53.8186130Z [36;1mapp-store-connect --version[0m
2025-07-09T14:08:53.8186490Z [36;1m[0m
2025-07-09T14:08:53.8186870Z [36;1m# App Store Connect API key is available via environment variable[0m
2025-07-09T14:08:53.8187360Z [36;1mecho "App Store Connect API key available via environment variable"[0m
2025-07-09T14:08:53.8187790Z [36;1m[0m
2025-07-09T14:08:53.8188090Z [36;1m# Verify the IPA file exists[0m
2025-07-09T14:08:53.8188420Z [36;1mIPA_FILE="dienstplan-v0.4.27-28.ipa"[0m
2025-07-09T14:08:53.8188810Z [36;1mif [ -f "$IPA_FILE" ]; then[0m
2025-07-09T14:08:53.8189130Z [36;1m  echo "‚úÖ IPA file found: $IPA_FILE"[0m
2025-07-09T14:08:53.8189450Z [36;1m  ls -la "$IPA_FILE"[0m
2025-07-09T14:08:53.8189730Z [36;1melse[0m
2025-07-09T14:08:53.8190080Z [36;1m  echo "‚ùå IPA file not found: $IPA_FILE"[0m
2025-07-09T14:08:53.8190500Z [36;1m  ls -la *.ipa || echo "No IPA files found"[0m
2025-07-09T14:08:53.8190880Z [36;1m  exit 1[0m
2025-07-09T14:08:53.8191070Z [36;1mfi[0m
2025-07-09T14:08:53.8191370Z [36;1m[0m
2025-07-09T14:08:53.8191640Z [36;1mecho "Uploading to App Store Connect..."[0m
2025-07-09T14:08:53.8192050Z [36;1m[0m
2025-07-09T14:08:53.8192340Z [36;1m# Set environment variables for authentication[0m
2025-07-09T14:08:53.8192870Z [36;1mexport APP_STORE_CONNECT_ISSUER_ID="$APP_STORE_CONNECT_ISSUER_ID"[0m
2025-07-09T14:08:53.8193440Z [36;1mexport APP_STORE_CONNECT_KEY_IDENTIFIER="$APP_STORE_CONNECT_KEY_IDENTIFIER"[0m
2025-07-09T14:08:53.8194070Z [36;1mexport APP_STORE_CONNECT_PRIVATE_KEY="$APP_STORE_CONNECT_PRIVATE_KEY"[0m
2025-07-09T14:08:53.8194590Z [36;1m[0m
2025-07-09T14:08:53.8194910Z [36;1mecho "Environment variables set for authentication"[0m
2025-07-09T14:08:53.8195240Z [36;1m[0m
2025-07-09T14:08:53.8195530Z [36;1m# Upload to App Store Connect[0m
2025-07-09T14:08:53.8195900Z [36;1mapp-store-connect publish \[0m
2025-07-09T14:08:53.8196210Z [36;1m  --path "$IPA_FILE"[0m
2025-07-09T14:08:53.8196490Z [36;1m[0m
2025-07-09T14:08:53.8196800Z [36;1mecho "‚úÖ App Store Connect deployment completed"[0m
2025-07-09T14:08:53.8284140Z shell: /bin/bash -e {0}
2025-07-09T14:08:53.8284440Z env:
2025-07-09T14:08:53.8284710Z   MD_APPLE_SDK_ROOT: /Applications/Xcode_16.4.app
2025-07-09T14:08:53.8285150Z   FLUTTER_ROOT: /Users/runner/hostedtoolcache/flutter/stable-3.32.4-arm64
2025-07-09T14:08:53.8286950Z   PUB_CACHE: /Users/runner/.pub-cache
2025-07-09T14:08:53.8300960Z   APP_STORE_CONNECT_PRIVATE_KEY: ***
2025-07-09T14:08:53.8306550Z   APP_STORE_CONNECT_ISSUER_ID: ***
2025-07-09T14:08:53.8310910Z   APP_STORE_CONNECT_KEY_IDENTIFIER: ***
2025-07-09T14:08:53.8312940Z   APP_STORE_APP_ID: ***
2025-07-09T14:08:53.8315050Z ##[endgroup]
2025-07-09T14:08:53.8847980Z Starting App Store Connect deployment...
2025-07-09T14:08:53.8848710Z Checking Codemagic CLI tools installation...
2025-07-09T14:08:53.8993930Z /opt/homebrew/bin/app-store-connect
2025-07-09T14:08:55.6265570Z AppStoreConnect installed at /opt/homebrew/bin/app-store-connect
2025-07-09T14:08:55.6265960Z app-store-connect 0.60.0
2025-07-09T14:08:55.7743510Z App Store Connect API key available via environment variable
2025-07-09T14:08:55.7744560Z ‚úÖ IPA file found: dienstplan-v0.4.27-28.ipa
2025-07-09T14:08:55.8008910Z -rw-r--r--  1 runner  staff  23888945 Jul  9 14:08 dienstplan-v0.4.27-28.ipa
2025-07-09T14:08:55.8012130Z Uploading to App Store Connect...
2025-07-09T14:08:55.8013750Z Environment variables set for authentication
2025-07-09T14:08:56.5070660Z 
2025-07-09T14:08:56.5096730Z [34mPublish "dienstplan-v0.4.27-28.ipa" to App Store Connect[0m
2025-07-09T14:08:56.5099400Z App name: Dienstplan
2025-07-09T14:08:56.5117840Z Bundle identifier: io.scelus.dienstplan
2025-07-09T14:08:56.5139880Z Certificate expires: 2026-07-09T12:47:08.000+0000
2025-07-09T14:08:56.5154220Z Distribution type: App Store
2025-07-09T14:08:56.5155870Z Min OS version: 12.0
2025-07-09T14:08:56.5159180Z Provisioned devices: N/A
2025-07-09T14:08:56.5159610Z Provisions all devices: No
2025-07-09T14:08:56.5160100Z Supported platforms: iPhoneOS
2025-07-09T14:08:56.5160400Z Version code: 28
2025-07-09T14:08:56.5160580Z Version: 0.4.27
2025-07-09T14:08:56.5160770Z 
2025-07-09T14:08:56.5161200Z [34mUpload "dienstplan-v0.4.27-28.ipa" to App Store Connect[0m
2025-07-09T14:08:58.4061100Z Running altool at path '/Applications/Xcode_16.4.app/Contents/SharedFrameworks/ContentDeliveryServices.framework/Frameworks/AppStoreService.framework/Support/altool'...
2025-07-09T14:09:57.3176620Z Running altool at path '/Applications/Xcode_16.4.app/Contents/SharedFrameworks/ContentDeliveryServices.framework/Frameworks/AppStoreService.framework/Support/altool'...
2025-07-09T14:09:57.3178300Z 2025-07-09 14:09:57.158 ERROR: [altool.6000005381C0] [ContentDelivery.Uploader.6000005381C0] Validation failed (409) Missing or invalid signature. The bundle 'io.scelus.dienstplan' at bundle path 'Payload/Runner.app' is not signed using an Apple submission certificate. (ID: 91e7c188-8e47-48b8-9749-81d772dc13cc)
2025-07-09T14:09:57.3179800Z 2025-07-09 14:09:57.265  INFO: [altool.6000005381C0] [ContentDelivery.Uploader.6000005381C0] 
2025-07-09T14:09:57.3180270Z =======================================
2025-07-09T14:09:57.3180710Z UPLOAD FAILED with 1 error, 0 warnings, 0 messages
2025-07-09T14:09:57.3181150Z =======================================
2025-07-09T14:09:57.3185790Z {"tool-version":"8.303.16303","tool-path":"\/Applications\/Xcode_16.4.app\/Contents\/SharedFrameworks\/ContentDeliveryServices.framework\/Versions\/A\/Frameworks\/AppStoreService.framework","os-version":"15.5.0","product-errors":[{"message":"Validation failed","userInfo":{"NSUnderlyingError":"Error Domain=IrisAPI Code=-19241 \"Validation failed\" UserInfo={status=409, detail=Missing or invalid signature. The bundle 'io.scelus.dienstplan' at bundle path 'Payload\/Runner.app' is not signed using an Apple submission certificate., id=91e7c188-8e47-48b8-9749-81d772dc13cc, code=STATE_ERROR.VALIDATION_ERROR, title=Validation failed, NSLocalizedFailureReason=Missing or invalid signature. The bundle 'io.scelus.dienstplan' at bundle path 'Payload\/Runner.app' is not signed using an Apple submission certificate., NSLocalizedDescription=Validation failed}","NSLocalizedDescription":"Validation failed","iris-code":"STATE_ERROR.VALIDATION_ERROR","NSLocalizedFailureReason":"Missing or invalid signature. The bundle 'io.scelus.dienstplan' at bundle path 'Payload\/Runner.app' is not signed using an Apple submission certificate. (ID: 91e7c188-8e47-48b8-9749-81d772dc13cc)"},"code":409}]}
2025-07-09T14:09:57.3190700Z 
2025-07-09T14:09:57.3190710Z 
2025-07-09T14:09:57.3199000Z [31mFailed to upload archive at "dienstplan-v0.4.27-28.ipa"[0m
2025-07-09T14:09:57.3199940Z [31mFailed to publish dienstplan-v0.4.27-28.ipa[0m
2025-07-09T14:09:57.4576260Z ##[error]Process completed with exit code 1.
2025-07-09T14:09:57.4791730Z Post job cleanup.
2025-07-09T14:09:57.4863920Z Post job cleanup.
2025-07-09T14:09:57.9206310Z [command]/opt/homebrew/bin/git version
2025-07-09T14:09:57.9739400Z git version 2.50.0
2025-07-09T14:09:57.9905570Z Copying '/Users/runner/.gitconfig' to '/Users/runner/work/_temp/8a29fd6d-97fd-40f1-a4a1-580ab766c4a2/.gitconfig'
2025-07-09T14:09:57.9906290Z Temporarily overriding HOME='/Users/runner/work/_temp/8a29fd6d-97fd-40f1-a4a1-580ab766c4a2' before making global git config changes
2025-07-09T14:09:57.9912280Z Adding repository directory to the temporary git global config as a safe directory
2025-07-09T14:09:57.9914080Z [command]/opt/homebrew/bin/git config --global --add safe.directory /Users/runner/work/dienstplan/dienstplan
2025-07-09T14:09:57.9996200Z [command]/opt/homebrew/bin/git config --local --name-only --get-regexp core\.sshCommand
2025-07-09T14:09:58.0140400Z [command]/opt/homebrew/bin/git submodule foreach --recursive sh -c "git config --local --name-only --get-regexp 'core\.sshCommand' && git config --local --unset-all 'core.sshCommand' || :"
2025-07-09T14:09:58.2568040Z [command]/opt/homebrew/bin/git config --local --name-only --get-regexp http\.https\:\/\/github\.com\/\.extraheader
2025-07-09T14:09:58.2570620Z http.https://github.com/.extraheader
2025-07-09T14:09:58.2576930Z [command]/opt/homebrew/bin/git config --local --unset-all http.https://github.com/.extraheader
2025-07-09T14:09:58.2625790Z [command]/opt/homebrew/bin/git submodule foreach --recursive sh -c "git config --local --name-only --get-regexp 'http\.https\:\/\/github\.com\/\.extraheader' && git config --local --unset-all 'http.https://github.com/.extraheader' || :"
2025-07-09T14:09:58.3725000Z Cleaning up orphan processes
2025-07-09T14:09:59.2316170Z Terminate orphan process: pid (8276) (ibtoold)
2025-07-09T14:09:59.2871890Z Terminate orphan process: pid (6864) (ibtoold)
2025-07-09T14:09:59.3393660Z Terminate orphan process: pid (6846) (ibtoold)
2025-07-09T14:09:59.4738980Z Terminate orphan process: pid (5991) (adb)